Archive member included to satisfy reference by file (symbol)

C:/ST/STM32CubeIDE_1.13.1/STM32CubeIDE/plugins/com.st.stm32cube.ide.mcu.externaltools.gnu-tools-for-stm32.11.3.rel1.win32_1.1.0.202305231506/tools/bin/../lib/gcc/arm-none-eabi/11.3.1/../../../../arm-none-eabi/lib/thumb/v7e-m+fp/hard\libc_nano.a(libc_a-exit.o)
                              C:/ST/STM32CubeIDE_1.13.1/STM32CubeIDE/plugins/com.st.stm32cube.ide.mcu.externaltools.gnu-tools-for-stm32.11.3.rel1.win32_1.1.0.202305231506/tools/bin/../lib/gcc/arm-none-eabi/11.3.1/../../../../arm-none-eabi/lib/thumb/v7e-m+fp/hard/crt0.o (exit)
C:/ST/STM32CubeIDE_1.13.1/STM32CubeIDE/plugins/com.st.stm32cube.ide.mcu.externaltools.gnu-tools-for-stm32.11.3.rel1.win32_1.1.0.202305231506/tools/bin/../lib/gcc/arm-none-eabi/11.3.1/../../../../arm-none-eabi/lib/thumb/v7e-m+fp/hard\libc_nano.a(libc_a-findfp.o)
                              C:/ST/STM32CubeIDE_1.13.1/STM32CubeIDE/plugins/com.st.stm32cube.ide.mcu.externaltools.gnu-tools-for-stm32.11.3.rel1.win32_1.1.0.202305231506/tools/bin/../lib/gcc/arm-none-eabi/11.3.1/../../../../arm-none-eabi/lib/thumb/v7e-m+fp/hard\libc_nano.a(libc_a-exit.o) (__stdio_exit_handler)
C:/ST/STM32CubeIDE_1.13.1/STM32CubeIDE/plugins/com.st.stm32cube.ide.mcu.externaltools.gnu-tools-for-stm32.11.3.rel1.win32_1.1.0.202305231506/tools/bin/../lib/gcc/arm-none-eabi/11.3.1/../../../../arm-none-eabi/lib/thumb/v7e-m+fp/hard\libc_nano.a(libc_a-fwalk.o)
                              C:/ST/STM32CubeIDE_1.13.1/STM32CubeIDE/plugins/com.st.stm32cube.ide.mcu.externaltools.gnu-tools-for-stm32.11.3.rel1.win32_1.1.0.202305231506/tools/bin/../lib/gcc/arm-none-eabi/11.3.1/../../../../arm-none-eabi/lib/thumb/v7e-m+fp/hard\libc_nano.a(libc_a-findfp.o) (_fwalk_sglue)
C:/ST/STM32CubeIDE_1.13.1/STM32CubeIDE/plugins/com.st.stm32cube.ide.mcu.externaltools.gnu-tools-for-stm32.11.3.rel1.win32_1.1.0.202305231506/tools/bin/../lib/gcc/arm-none-eabi/11.3.1/../../../../arm-none-eabi/lib/thumb/v7e-m+fp/hard\libc_nano.a(libc_a-stdio.o)
                              C:/ST/STM32CubeIDE_1.13.1/STM32CubeIDE/plugins/com.st.stm32cube.ide.mcu.externaltools.gnu-tools-for-stm32.11.3.rel1.win32_1.1.0.202305231506/tools/bin/../lib/gcc/arm-none-eabi/11.3.1/../../../../arm-none-eabi/lib/thumb/v7e-m+fp/hard\libc_nano.a(libc_a-findfp.o) (__sread)
C:/ST/STM32CubeIDE_1.13.1/STM32CubeIDE/plugins/com.st.stm32cube.ide.mcu.externaltools.gnu-tools-for-stm32.11.3.rel1.win32_1.1.0.202305231506/tools/bin/../lib/gcc/arm-none-eabi/11.3.1/../../../../arm-none-eabi/lib/thumb/v7e-m+fp/hard\libc_nano.a(libc_a-memset.o)
                              C:/ST/STM32CubeIDE_1.13.1/STM32CubeIDE/plugins/com.st.stm32cube.ide.mcu.externaltools.gnu-tools-for-stm32.11.3.rel1.win32_1.1.0.202305231506/tools/bin/../lib/gcc/arm-none-eabi/11.3.1/../../../../arm-none-eabi/lib/thumb/v7e-m+fp/hard/crt0.o (memset)
C:/ST/STM32CubeIDE_1.13.1/STM32CubeIDE/plugins/com.st.stm32cube.ide.mcu.externaltools.gnu-tools-for-stm32.11.3.rel1.win32_1.1.0.202305231506/tools/bin/../lib/gcc/arm-none-eabi/11.3.1/../../../../arm-none-eabi/lib/thumb/v7e-m+fp/hard\libc_nano.a(libc_a-closer.o)
                              C:/ST/STM32CubeIDE_1.13.1/STM32CubeIDE/plugins/com.st.stm32cube.ide.mcu.externaltools.gnu-tools-for-stm32.11.3.rel1.win32_1.1.0.202305231506/tools/bin/../lib/gcc/arm-none-eabi/11.3.1/../../../../arm-none-eabi/lib/thumb/v7e-m+fp/hard\libc_nano.a(libc_a-stdio.o) (_close_r)
C:/ST/STM32CubeIDE_1.13.1/STM32CubeIDE/plugins/com.st.stm32cube.ide.mcu.externaltools.gnu-tools-for-stm32.11.3.rel1.win32_1.1.0.202305231506/tools/bin/../lib/gcc/arm-none-eabi/11.3.1/../../../../arm-none-eabi/lib/thumb/v7e-m+fp/hard\libc_nano.a(libc_a-reent.o)
                              C:/ST/STM32CubeIDE_1.13.1/STM32CubeIDE/plugins/com.st.stm32cube.ide.mcu.externaltools.gnu-tools-for-stm32.11.3.rel1.win32_1.1.0.202305231506/tools/bin/../lib/gcc/arm-none-eabi/11.3.1/../../../../arm-none-eabi/lib/thumb/v7e-m+fp/hard\libc_nano.a(libc_a-closer.o) (errno)
C:/ST/STM32CubeIDE_1.13.1/STM32CubeIDE/plugins/com.st.stm32cube.ide.mcu.externaltools.gnu-tools-for-stm32.11.3.rel1.win32_1.1.0.202305231506/tools/bin/../lib/gcc/arm-none-eabi/11.3.1/../../../../arm-none-eabi/lib/thumb/v7e-m+fp/hard\libc_nano.a(libc_a-impure.o)
                              C:/ST/STM32CubeIDE_1.13.1/STM32CubeIDE/plugins/com.st.stm32cube.ide.mcu.externaltools.gnu-tools-for-stm32.11.3.rel1.win32_1.1.0.202305231506/tools/bin/../lib/gcc/arm-none-eabi/11.3.1/../../../../arm-none-eabi/lib/thumb/v7e-m+fp/hard\libc_nano.a(libc_a-reent.o) (_impure_ptr)
C:/ST/STM32CubeIDE_1.13.1/STM32CubeIDE/plugins/com.st.stm32cube.ide.mcu.externaltools.gnu-tools-for-stm32.11.3.rel1.win32_1.1.0.202305231506/tools/bin/../lib/gcc/arm-none-eabi/11.3.1/../../../../arm-none-eabi/lib/thumb/v7e-m+fp/hard\libc_nano.a(libc_a-lseekr.o)
[...]
Memory Configuration

Name             Origin             Length             Attributes
RAM              0x0000000020000000 0x0000000000018000 xrw
RAM2             0x0000000010000000 0x0000000000008000 xrw
FLASH            0x0000000008000000 0x0000000000100000 xr
*default*        0x0000000000000000 0xffffffffffffffff

Linker script and memory map

LOAD C:/ST/STM32CubeIDE_1.13.1/STM32CubeIDE/plugins/com.st.stm32cube.ide.mcu.externaltools.gnu-tools-for-stm32.11.3.rel1.win32_1.1.0.202305231506/tools/bin/../lib/gcc/arm-none-eabi/11.3.1/thumb/v7e-m+fp/hard/crti.o
LOAD C:/ST/STM32CubeIDE_1.13.1/STM32CubeIDE/plugins/com.st.stm32cube.ide.mcu.externaltools.gnu-tools-for-stm32.11.3.rel1.win32_1.1.0.202305231506/tools/bin/../lib/gcc/arm-none-eabi/11.3.1/thumb/v7e-m+fp/hard/crtbegin.o
LOAD C:/ST/STM32CubeIDE_1.13.1/STM32CubeIDE/plugins/com.st.stm32cube.ide.mcu.externaltools.gnu-tools-for-stm32.11.3.rel1.win32_1.1.0.202305231506/tools/bin/../lib/gcc/arm-none-eabi/11.3.1/../../../../arm-none-eabi/lib/thumb/v7e-m+fp/hard/crt0.o
LOAD ./Core/Src/gpio.o
LOAD ./Core/Src/main.o
LOAD ./Core/Src/stm32l4xx_hal_msp.o
LOAD ./Core/Src/stm32l4xx_it.o
LOAD ./Core/Src/syscalls.o
LOAD ./Core/Src/sysmem.o
LOAD ./Core/Src/system_stm32l4xx.o
LOAD ./Core/Src/usart.o
LOAD ./Core/Startup/startup_stm32l476rgtx.o
LOAD ./Drivers/STM32L4xx_HAL_Driver/Src/stm32l4xx_hal.o
LOAD ./Drivers/STM32L4xx_HAL_Driver/Src/stm32l4xx_hal_cortex.o
LOAD ./Drivers/STM32L4xx_HAL_Driver/Src/stm32l4xx_hal_dma.o
LOAD ./Drivers/STM32L4xx_HAL_Driver/Src/stm32l4xx_hal_dma_ex.o
LOAD ./Drivers/STM32L4xx_HAL_Driver/Src/stm32l4xx_hal_exti.o
LOAD ./Drivers/STM32L4xx_HAL_Driver/Src/stm32l4xx_hal_flash.o
LOAD ./Drivers/STM32L4xx_HAL_Driver/Src/stm32l4xx_hal_flash_ex.o
LOAD ./Drivers/STM32L4xx_HAL_Driver/Src/stm32l4xx_hal_flash_ramfunc.o
LOAD ./Drivers/STM32L4xx_HAL_Driver/Src/stm32l4xx_hal_gpio.o
LOAD ./Drivers/STM32L4xx_HAL_Driver/Src/stm32l4xx_hal_pcd.o
LOAD ./Drivers/STM32L4xx_HAL_Driver/Src/stm32l4xx_hal_pcd_ex.o
LOAD ./Drivers/STM32L4xx_HAL_Driver/Src/stm32l4xx_hal_pwr.o
LOAD ./Drivers/STM32L4xx_HAL_Driver/Src/stm32l4xx_hal_pwr_ex.o
LOAD ./Drivers/STM32L4xx_HAL_Driver/Src/stm32l4xx_hal_rcc.o
LOAD ./Drivers/STM32L4xx_HAL_Driver/Src/stm32l4xx_hal_rcc_ex.o
LOAD ./Drivers/STM32L4xx_HAL_Driver/Src/stm32l4xx_hal_tim.o
LOAD ./Drivers/STM32L4xx_HAL_Driver/Src/stm32l4xx_hal_tim_ex.o
LOAD ./Drivers/STM32L4xx_HAL_Driver/Src/stm32l4xx_hal_uart.o
LOAD ./Drivers/STM32L4xx_HAL_Driver/Src/stm32l4xx_hal_uart_ex.o
LOAD ./Drivers/STM32L4xx_HAL_Driver/Src/stm32l4xx_ll_usb.o
LOAD ./Middlewares/ST/STM32_USB_Device_Library/Class/CustomHID/Src/usbd_customhid.o
LOAD ./Middlewares/ST/STM32_USB_Device_Library/Core/Src/usbd_core.o
LOAD ./Middlewares/ST/STM32_USB_Device_Library/Core/Src/usbd_ctlreq.o
LOAD ./Middlewares/ST/STM32_USB_Device_Library/Core/Src/usbd_ioreq.o
LOAD ./USB_DEVICE/App/usb_device.o
LOAD ./USB_DEVICE/App/usbd_custom_hid_if.o
LOAD ./USB_DEVICE/App/usbd_desc.o
LOAD ./USB_DEVICE/Target/usbd_conf.o
START GROUP
LOAD C:/ST/STM32CubeIDE_1.13.1/STM32CubeIDE/plugins/com.st.stm32cube.ide.mcu.externaltools.gnu-tools-for-stm32.11.3.rel1.win32_1.1.0.202305231506/tools/bin/../lib/gcc/arm-none-eabi/11.3.1/../../../../arm-none-eabi/lib/thumb/v7e-m+fp/hard\libc_nano.a
LOAD C:/ST/STM32CubeIDE_1.13.1/STM32CubeIDE/plugins/com.st.stm32cube.ide.mcu.externaltools.gnu-tools-for-stm32.11.3.rel1.win32_1.1.0.202305231506/tools/bin/../lib/gcc/arm-none-eabi/11.3.1/../../../../arm-none-eabi/lib/thumb/v7e-m+fp/hard\libm.a
END GROUP
START GROUP
LOAD C:/ST/STM32CubeIDE_1.13.1/STM32CubeIDE/plugins/com.st.stm32cube.ide.mcu.externaltools.gnu-tools-for-stm32.11.3.rel1.win32_1.1.0.202305231506/tools/bin/../lib/gcc/arm-none-eabi/11.3.1/thumb/v7e-m+fp/hard\libgcc.a
LOAD C:/ST/STM32CubeIDE_1.13.1/STM32CubeIDE/plugins/com.st.stm32cube.ide.mcu.externaltools.gnu-tools-for-stm32.11.3.rel1.win32_1.1.0.202305231506/tools/bin/../lib/gcc/arm-none-eabi/11.3.1/../../../../arm-none-eabi/lib/thumb/v7e-m+fp/hard\libc_nano.a
END GROUP
START GROUP
LOAD C:/ST/STM32CubeIDE_1.13.1/STM32CubeIDE/plugins/com.st.stm32cube.ide.mcu.externaltools.gnu-tools-for-stm32.11.3.rel1.win32_1.1.0.202305231506/tools/bin/../lib/gcc/arm-none-eabi/11.3.1/thumb/v7e-m+fp/hard\libgcc.a
LOAD C:/ST/STM32CubeIDE_1.13.1/STM32CubeIDE/plugins/com.st.stm32cube.ide.mcu.externaltools.gnu-tools-for-stm32.11.3.rel1.win32_1.1.0.202305231506/tools/bin/../lib/gcc/arm-none-eabi/11.3.1/../../../../arm-none-eabi/lib/thumb/v7e-m+fp/hard\libc_nano.a
LOAD C:/ST/STM32CubeIDE_1.13.1/STM32CubeIDE/plugins/com.st.stm32cube.ide.mcu.externaltools.gnu-tools-for-stm32.11.3.rel1.win32_1.1.0.202305231506/tools/bin/../lib/gcc/arm-none-eabi/11.3.1/../../../../arm-none-eabi/lib/thumb/v7e-m+fp/hard\libnosys.a
END GROUP
START GROUP
LOAD C:/ST/STM32CubeIDE_1.13.1/STM32CubeIDE/plugins/com.st.stm32cube.ide.mcu.externaltools.gnu-tools-for-stm32.11.3.rel1.win32_1.1.0.202305231506/tools/bin/../lib/gcc/arm-none-eabi/11.3.1/thumb/v7e-m+fp/hard\libgcc.a
LOAD C:/ST/STM32CubeIDE_1.13.1/STM32CubeIDE/plugins/com.st.stm32cube.ide.mcu.externaltools.gnu-tools-for-stm32.11.3.rel1.win32_1.1.0.202305231506/tools/bin/../lib/gcc/arm-none-eabi/11.3.1/../../../../arm-none-eabi/lib/thumb/v7e-m+fp/hard\libc_nano.a
LOAD C:/ST/STM32CubeIDE_1.13.1/STM32CubeIDE/plugins/com.st.stm32cube.ide.mcu.externaltools.gnu-tools-for-stm32.11.3.rel1.win32_1.1.0.202305231506/tools/bin/../lib/gcc/arm-none-eabi/11.3.1/../../../../arm-none-eabi/lib/thumb/v7e-m+fp/hard\libnosys.a
END GROUP
LOAD C:/ST/STM32CubeIDE_1.13.1/STM32CubeIDE/plugins/com.st.stm32cube.ide.mcu.externaltools.gnu-tools-for-stm32.11.3.rel1.win32_1.1.0.202305231506/tools/bin/../lib/gcc/arm-none-eabi/11.3.1/thumb/v7e-m+fp/hard/crtend.o
LOAD C:/ST/STM32CubeIDE_1.13.1/STM32CubeIDE/plugins/com.st.stm32cube.ide.mcu.externaltools.gnu-tools-for-stm32.11.3.rel1.win32_1.1.0.202305231506/tools/bin/../lib/gcc/arm-none-eabi/11.3.1/thumb/v7e-m+fp/hard/crtn.o
                0x0000000020018000                _estack = (ORIGIN (RAM) + LENGTH (RAM))
                0x0000000000000200                _Min_Heap_Size = 0x200
                0x0000000000000400                _Min_Stack_Size = 0x400

.isr_vector     0x0000000008000000      0x188
                0x0000000008000000                . = ALIGN (0x4)
 *(.isr_vector)
 .isr_vector    0x0000000008000000      0x188 ./Core/Startup/startup_stm32l476rgtx.o
                0x0000000008000000                g_pfnVectors
                0x0000000008000188                . = ALIGN (0x4)

.text           0x0000000008000188     0x808c
                0x0000000008000188                . = ALIGN (0x4)
 *(.text)
 .text          0x0000000008000188       0x40 C:/ST/STM32CubeIDE_1.13.1/STM32CubeIDE/plugins/com.st.stm32cube.ide.mcu.externaltools.gnu-tools-for-stm32.11.3.rel1.win32_1.1.0.202305231506/tools/bin/../lib/gcc/arm-none-eabi/11.3.1/thumb/v7e-m+fp/hard/crtbegin.o
 .text          0x00000000080001c8       0x30 C:/ST/STM32CubeIDE_1.13.1/STM32CubeIDE/plugins/com.st.stm32cube.ide.mcu.externaltools.gnu-tools-for-stm32.11.3.rel1.win32_1.1.0.202305231506/tools/bin/../lib/gcc/arm-none-eabi/11.3.1/thumb/v7e-m+fp/hard\libgcc.a(_aeabi_uldivmod.o)
                0x00000000080001c8                __aeabi_uldivmod
 .text          0x00000000080001f8      0x2c8 C:/ST/STM32CubeIDE_1.13.1/STM32CubeIDE/plugins/com.st.stm32cube.ide.mcu.externaltools.gnu-tools-for-stm32.11.3.rel1.win32_1.1.0.202305231506/tools/bin/../lib/gcc/arm-none-eabi/11.3.1/thumb/v7e-m+fp/hard\libgcc.a(_udivmoddi4.o)
                0x00000000080001f8                __udivmoddi4
 .text          0x00000000080004c0        0x4 C:/ST/STM32CubeIDE_1.13.1/STM32CubeIDE/plugins/com.st.stm32cube.ide.mcu.externaltools.gnu-tools-for-stm32.11.3.rel1.win32_1.1.0.202305231506/tools/bin/../lib/gcc/arm-none-eabi/11.3.1/thumb/v7e-m+fp/hard\libgcc.a(_dvmd_tls.o)
                0x00000000080004c0                __aeabi_idiv0
                0x00000000080004c0                __aeabi_ldiv0
 *(.text*)
 .text.MX_GPIO_Init
                0x00000000080004c4       0xe8 ./Core/Src/gpio.o
                0x00000000080004c4                MX_GPIO_Init
 .text.main     0x00000000080005ac       0x2c ./Core/Src/main.o
                0x00000000080005ac                main
 .text.SystemClock_Config
                0x00000000080005d8       0xc4 ./Core/Src/main.o
                0x00000000080005d8                SystemClock_Config
 .text.Error_Handler
                0x000000000800069c        0xa ./Core/Src/main.o
                0x000000000800069c                Error_Handler
 *fill*         0x00000000080006a6        0x2 
 .text.HAL_MspInit
                0x00000000080006a8       0x48 ./Core/Src/stm32l4xx_hal_msp.o
                0x00000000080006a8                HAL_MspInit
 .text.NMI_Handler
                0x00000000080006f0        0x6 ./Core/Src/stm32l4xx_it.o
                0x00000000080006f0                NMI_Handler
 .text.HardFault_Handler
                0x00000000080006f6        0x6 ./Core/Src/stm32l4xx_it.o
                0x00000000080006f6                HardFault_Handler
 .text.MemManage_Handler
                0x00000000080006fc        0x6 ./Core/Src/stm32l4xx_it.o
                0x00000000080006fc                MemManage_Handler
 .text.BusFault_Handler
                0x0000000008000702        0x6 ./Core/Src/stm32l4xx_it.o
                0x0000000008000702                BusFault_Handler
 .text.UsageFault_Handler
                0x0000000008000708        0x6 ./Core/Src/stm32l4xx_it.o
                0x0000000008000708                UsageFault_Handler
 .text.SVC_Handler
                0x000000000800070e        0xe ./Core/Src/stm32l4xx_it.o
                0x000000000800070e                SVC_Handler
 .text.DebugMon_Handler
                0x000000000800071c        0xe ./Core/Src/stm32l4xx_it.o
                0x000000000800071c                DebugMon_Handler
 .text.PendSV_Handler
                0x000000000800072a        0xe ./Core/Src/stm32l4xx_it.o
                0x000000000800072a                PendSV_Handler
 .text.SysTick_Handler
                0x0000000008000738        0xc ./Core/Src/stm32l4xx_it.o
                0x0000000008000738                SysTick_Handler
 .text.OTG_FS_IRQHandler
                0x0000000008000744       0x14 ./Core/Src/stm32l4xx_it.o
                0x0000000008000744                OTG_FS_IRQHandler
 .text.SystemInit
                0x0000000008000758       0x24 ./Core/Src/system_stm32l4xx.o
                0x0000000008000758                SystemInit
 .text.MX_USART2_UART_Init
                0x000000000800077c       0x60 ./Core/Src/usart.o
                0x000000000800077c                MX_USART2_UART_Init
 .text.HAL_UART_MspInit
                0x00000000080007dc       0xb8 ./Core/Src/usart.o
                0x00000000080007dc                HAL_UART_MspInit
 .text.Reset_Handler
                0x0000000008000894       0x50 ./Core/Startup/startup_stm32l476rgtx.o
                0x0000000008000894                Reset_Handler
 .text.Default_Handler
                0x00000000080008e4        0x2 ./Core/Startup/startup_stm32l476rgtx.o
                0x00000000080008e4                RTC_Alarm_IRQHandler
                0x00000000080008e4                EXTI2_IRQHandler
                0x00000000080008e4                TIM8_TRG_COM_IRQHandler
                0x00000000080008e4                TIM8_CC_IRQHandler
                0x00000000080008e4                TIM1_CC_IRQHandler
                0x00000000080008e4                TSC_IRQHandler
                0x00000000080008e4                TAMP_STAMP_IRQHandler
                0x00000000080008e4                EXTI3_IRQHandler
                0x00000000080008e4                LPTIM2_IRQHandler
                0x00000000080008e4                DFSDM1_FLT1_IRQHandler
                0x00000000080008e4                I2C3_ER_IRQHandler
                0x00000000080008e4                DFSDM1_FLT2_IRQHandler
                0x00000000080008e4                EXTI0_IRQHandler
                0x00000000080008e4                I2C2_EV_IRQHandler
                0x00000000080008e4                CAN1_RX0_IRQHandler
                0x00000000080008e4                FPU_IRQHandler
                0x00000000080008e4                TIM1_UP_TIM16_IRQHandler
                0x00000000080008e4                ADC1_2_IRQHandler
                0x00000000080008e4                SPI1_IRQHandler
                0x00000000080008e4                TIM6_DAC_IRQHandler
                0x00000000080008e4                TIM8_UP_IRQHandler
                0x00000000080008e4                DMA2_Channel2_IRQHandler
                0x00000000080008e4                DMA1_Channel4_IRQHandler
                0x00000000080008e4                SAI2_IRQHandler
                0x00000000080008e4                DFSDM1_FLT3_IRQHandler
                0x00000000080008e4                USART3_IRQHandler
                0x00000000080008e4                DMA1_Channel7_IRQHandler
                0x00000000080008e4                CAN1_RX1_IRQHandler
                0x00000000080008e4                LCD_IRQHandler
                0x00000000080008e4                UART5_IRQHandler
                0x00000000080008e4                ADC3_IRQHandler
                0x00000000080008e4                TIM4_IRQHandler
                0x00000000080008e4                DMA2_Channel1_IRQHandler
                0x00000000080008e4                QUADSPI_IRQHandler
                0x00000000080008e4                I2C1_EV_IRQHandler
                0x00000000080008e4                DMA1_Channel6_IRQHandler
                0x00000000080008e4                UART4_IRQHandler
                0x00000000080008e4                DMA2_Channel4_IRQHandler
                0x00000000080008e4                TIM3_IRQHandler
                0x00000000080008e4                RCC_IRQHandler
                0x00000000080008e4                DMA1_Channel1_IRQHandler
                0x00000000080008e4                Default_Handler
                0x00000000080008e4                DMA2_Channel7_IRQHandler
                0x00000000080008e4                EXTI15_10_IRQHandler
                0x00000000080008e4                TIM7_IRQHandler
                0x00000000080008e4                SDMMC1_IRQHandler
                0x00000000080008e4                TIM5_IRQHandler
                0x00000000080008e4                I2C3_EV_IRQHandler
                0x00000000080008e4                EXTI9_5_IRQHandler
                0x00000000080008e4                RTC_WKUP_IRQHandler
                0x00000000080008e4                PVD_PVM_IRQHandler
                0x00000000080008e4                SPI2_IRQHandler
                0x00000000080008e4                CAN1_TX_IRQHandler
                0x00000000080008e4                DMA2_Channel5_IRQHandler
                0x00000000080008e4                DMA1_Channel5_IRQHandler
                0x00000000080008e4                EXTI4_IRQHandler
                0x00000000080008e4                RNG_IRQHandler
                0x00000000080008e4                TIM1_TRG_COM_TIM17_IRQHandler
                0x00000000080008e4                DMA1_Channel3_IRQHandler
                0x00000000080008e4                COMP_IRQHandler
                0x00000000080008e4                WWDG_IRQHandler
                0x00000000080008e4                LPUART1_IRQHandler
                0x00000000080008e4                DMA2_Channel6_IRQHandler
                0x00000000080008e4                TIM2_IRQHandler
                0x00000000080008e4                EXTI1_IRQHandler
                0x00000000080008e4                USART2_IRQHandler
                0x00000000080008e4                DFSDM1_FLT0_IRQHandler
                0x00000000080008e4                I2C2_ER_IRQHandler
                0x00000000080008e4                DMA1_Channel2_IRQHandler
                0x00000000080008e4                TIM8_BRK_IRQHandler
                0x00000000080008e4                CAN1_SCE_IRQHandler
                0x00000000080008e4                FLASH_IRQHandler
                0x00000000080008e4                USART1_IRQHandler
                0x00000000080008e4                SPI3_IRQHandler
                0x00000000080008e4                I2C1_ER_IRQHandler
                0x00000000080008e4                FMC_IRQHandler
                0x00000000080008e4                SWPMI1_IRQHandler
                0x00000000080008e4                LPTIM1_IRQHandler
                0x00000000080008e4                SAI1_IRQHandler
                0x00000000080008e4                DMA2_Channel3_IRQHandler
                0x00000000080008e4                TIM1_BRK_TIM15_IRQHandler
 *fill*         0x00000000080008e6        0x2 
 .text.HAL_Init
                0x00000000080008e8       0x40 ./Drivers/STM32L4xx_HAL_Driver/Src/stm32l4xx_hal.o
                0x00000000080008e8                HAL_Init
 .text.HAL_InitTick
                0x0000000008000928       0x78 ./Drivers/STM32L4xx_HAL_Driver/Src/stm32l4xx_hal.o
                0x0000000008000928                HAL_InitTick
 .text.HAL_IncTick
                0x00000000080009a0       0x28 ./Drivers/STM32L4xx_HAL_Driver/Src/stm32l4xx_hal.o
                0x00000000080009a0                HAL_IncTick
 .text.HAL_GetTick
                0x00000000080009c8       0x18 ./Drivers/STM32L4xx_HAL_Driver/Src/stm32l4xx_hal.o
                0x00000000080009c8                HAL_GetTick
 .text.HAL_Delay
                0x00000000080009e0       0x48 ./Drivers/STM32L4xx_HAL_Driver/Src/stm32l4xx_hal.o
                0x00000000080009e0                HAL_Delay
 .text.__NVIC_SetPriorityGrouping
                0x0000000008000a28       0x48 ./Drivers/STM32L4xx_HAL_Driver/Src/stm32l4xx_hal_cortex.o
 .text.__NVIC_GetPriorityGrouping
                0x0000000008000a70       0x1c ./Drivers/STM32L4xx_HAL_Driver/Src/stm32l4xx_hal_cortex.o
 .text.__NVIC_EnableIRQ
                0x0000000008000a8c       0x3c ./Drivers/STM32L4xx_HAL_Driver/Src/stm32l4xx_hal_cortex.o
 .text.__NVIC_SetPriority
                0x0000000008000ac8       0x54 ./Drivers/STM32L4xx_HAL_Driver/Src/stm32l4xx_hal_cortex.o
 .text.NVIC_EncodePriority
                0x0000000008000b1c       0x66 ./Drivers/STM32L4xx_HAL_Driver/Src/stm32l4xx_hal_cortex.o
 *fill*         0x0000000008000b82        0x2 
 .text.SysTick_Config
                0x0000000008000b84       0x44 ./Drivers/STM32L4xx_HAL_Driver/Src/stm32l4xx_hal_cortex.o
 .text.HAL_NVIC_SetPriorityGrouping
                0x0000000008000bc8       0x16 ./Drivers/STM32L4xx_HAL_Driver/Src/stm32l4xx_hal_cortex.o
                0x0000000008000bc8                HAL_NVIC_SetPriorityGrouping
 .text.HAL_NVIC_SetPriority
                0x0000000008000bde       0x38 ./Drivers/STM32L4xx_HAL_Driver/Src/stm32l4xx_hal_cortex.o
                0x0000000008000bde                HAL_NVIC_SetPriority
 .text.HAL_NVIC_EnableIRQ
                0x0000000008000c16       0x1c ./Drivers/STM32L4xx_HAL_Driver/Src/stm32l4xx_hal_cortex.o
                0x0000000008000c16                HAL_NVIC_EnableIRQ
 .text.HAL_SYSTICK_Config
                0x0000000008000c32       0x18 ./Drivers/STM32L4xx_HAL_Driver/Src/stm32l4xx_hal_cortex.o
                0x0000000008000c32                HAL_SYSTICK_Config
 *fill*         0x0000000008000c4a        0x2 
 .text.HAL_GPIO_Init
                0x0000000008000c4c      0x354 ./Drivers/STM32L4xx_HAL_Driver/Src/stm32l4xx_hal_gpio.o
                0x0000000008000c4c                HAL_GPIO_Init
 .text.HAL_GPIO_WritePin
                0x0000000008000fa0       0x30 ./Drivers/STM32L4xx_HAL_Driver/Src/stm32l4xx_hal_gpio.o
                0x0000000008000fa0                HAL_GPIO_WritePin
 .text.HAL_PCD_Init
                0x0000000008000fd0      0x248 ./Drivers/STM32L4xx_HAL_Driver/Src/stm32l4xx_hal_pcd.o
                0x0000000008000fd0                HAL_PCD_Init
 .text.HAL_PCD_Start
                0x0000000008001218       0x5e ./Drivers/STM32L4xx_HAL_Driver/Src/stm32l4xx_hal_pcd.o
                0x0000000008001218                HAL_PCD_Start
 .text.HAL_PCD_IRQHandler
                0x0000000008001276      0x926 ./Drivers/STM32L4xx_HAL_Driver/Src/stm32l4xx_hal_pcd.o
                0x0000000008001276                HAL_PCD_IRQHandler
 .text.HAL_PCD_SetAddress
                0x0000000008001b9c       0x4a ./Drivers/STM32L4xx_HAL_Driver/Src/stm32l4xx_hal_pcd.o
                0x0000000008001b9c                HAL_PCD_SetAddress
 .text.HAL_PCD_EP_Open
                0x0000000008001be6       0xd0 ./Drivers/STM32L4xx_HAL_Driver/Src/stm32l4xx_hal_pcd.o
                0x0000000008001be6                HAL_PCD_EP_Open
 .text.HAL_PCD_EP_Close
                0x0000000008001cb6       0x94 ./Drivers/STM32L4xx_HAL_Driver/Src/stm32l4xx_hal_pcd.o
                0x0000000008001cb6                HAL_PCD_EP_Close
 .text.HAL_PCD_EP_Receive
                0x0000000008001d4a       0x64 ./Drivers/STM32L4xx_HAL_Driver/Src/stm32l4xx_hal_pcd.o
                0x0000000008001d4a                HAL_PCD_EP_Receive
 .text.HAL_PCD_EP_Transmit
                0x0000000008001dae       0x62 ./Drivers/STM32L4xx_HAL_Driver/Src/stm32l4xx_hal_pcd.o
                0x0000000008001dae                HAL_PCD_EP_Transmit
 .text.HAL_PCD_EP_SetStall
                0x0000000008001e10       0xc4 ./Drivers/STM32L4xx_HAL_Driver/Src/stm32l4xx_hal_pcd.o
                0x0000000008001e10                HAL_PCD_EP_SetStall
 .text.HAL_PCD_EP_ClrStall
                0x0000000008001ed4       0xac ./Drivers/STM32L4xx_HAL_Driver/Src/stm32l4xx_hal_pcd.o
                0x0000000008001ed4                HAL_PCD_EP_ClrStall
 .text.HAL_PCD_EP_Abort
                0x0000000008001f80       0x62 ./Drivers/STM32L4xx_HAL_Driver/Src/stm32l4xx_hal_pcd.o
                0x0000000008001f80                HAL_PCD_EP_Abort
 .text.PCD_WriteEmptyTxFifo
                0x0000000008001fe2      0x110 ./Drivers/STM32L4xx_HAL_Driver/Src/stm32l4xx_hal_pcd.o
 *fill*         0x00000000080020f2        0x2 
 .text.PCD_EP_OutXfrComplete_int
                0x00000000080020f4       0x9c ./Drivers/STM32L4xx_HAL_Driver/Src/stm32l4xx_hal_pcd.o
 .text.PCD_EP_OutSetupPacket_int
                0x0000000008002190       0x68 ./Drivers/STM32L4xx_HAL_Driver/Src/stm32l4xx_hal_pcd.o
 .text.HAL_PCDEx_SetTxFiFo
                0x00000000080021f8       0x8e ./Drivers/STM32L4xx_HAL_Driver/Src/stm32l4xx_hal_pcd_ex.o
                0x00000000080021f8                HAL_PCDEx_SetTxFiFo
 .text.HAL_PCDEx_SetRxFiFo
                0x0000000008002286       0x22 ./Drivers/STM32L4xx_HAL_Driver/Src/stm32l4xx_hal_pcd_ex.o
                0x0000000008002286                HAL_PCDEx_SetRxFiFo
 .text.HAL_PCDEx_ActivateLPM
                0x00000000080022a8       0x48 ./Drivers/STM32L4xx_HAL_Driver/Src/stm32l4xx_hal_pcd_ex.o
                0x00000000080022a8                HAL_PCDEx_ActivateLPM
 .text.HAL_PWR_EnableBkUpAccess
                0x00000000080022f0       0x20 ./Drivers/STM32L4xx_HAL_Driver/Src/stm32l4xx_hal_pwr.o
                0x00000000080022f0                HAL_PWR_EnableBkUpAccess
 .text.HAL_PWREx_GetVoltageRange
                0x0000000008002310       0x1c ./Drivers/STM32L4xx_HAL_Driver/Src/stm32l4xx_hal_pwr_ex.o
                0x0000000008002310                HAL_PWREx_GetVoltageRange
 .text.HAL_PWREx_ControlVoltageScaling
                0x000000000800232c       0xac ./Drivers/STM32L4xx_HAL_Driver/Src/stm32l4xx_hal_pwr_ex.o
                0x000000000800232c                HAL_PWREx_ControlVoltageScaling
 .text.HAL_PWREx_EnableVddUSB
                0x00000000080023d8       0x20 ./Drivers/STM32L4xx_HAL_Driver/Src/stm32l4xx_hal_pwr_ex.o
                0x00000000080023d8                HAL_PWREx_EnableVddUSB
 .text.HAL_RCC_OscConfig
                0x00000000080023f8      0x7b8 ./Drivers/STM32L4xx_HAL_Driver/Src/stm32l4xx_hal_rcc.o
                0x00000000080023f8                HAL_RCC_OscConfig
 .text.HAL_RCC_ClockConfig
                0x0000000008002bb0      0x200 ./Drivers/STM32L4xx_HAL_Driver/Src/stm32l4xx_hal_rcc.o
                0x0000000008002bb0                HAL_RCC_ClockConfig
 .text.HAL_RCC_GetSysClockFreq
                0x0000000008002db0      0x118 ./Drivers/STM32L4xx_HAL_Driver/Src/stm32l4xx_hal_rcc.o
                0x0000000008002db0                HAL_RCC_GetSysClockFreq
 .text.HAL_RCC_GetHCLKFreq
                0x0000000008002ec8       0x18 ./Drivers/STM32L4xx_HAL_Driver/Src/stm32l4xx_hal_rcc.o
                0x0000000008002ec8                HAL_RCC_GetHCLKFreq
 .text.HAL_RCC_GetPCLK1Freq
                0x0000000008002ee0       0x2c ./Drivers/STM32L4xx_HAL_Driver/Src/stm32l4xx_hal_rcc.o
                0x0000000008002ee0                HAL_RCC_GetPCLK1Freq
 .text.HAL_RCC_GetPCLK2Freq
                0x0000000008002f0c       0x2c ./Drivers/STM32L4xx_HAL_Driver/Src/stm32l4xx_hal_rcc.o
                0x0000000008002f0c                HAL_RCC_GetPCLK2Freq
 .text.RCC_SetFlashLatencyFromMSIRange
                0x0000000008002f38       0xc0 ./Drivers/STM32L4xx_HAL_Driver/Src/stm32l4xx_hal_rcc.o
 .text.HAL_RCCEx_PeriphCLKConfig
                0x0000000008002ff8      0x5d4 ./Drivers/STM32L4xx_HAL_Driver/Src/stm32l4xx_hal_rcc_ex.o
                0x0000000008002ff8                HAL_RCCEx_PeriphCLKConfig
 .text.HAL_RCCEx_EnableMSIPLLMode
                0x00000000080035cc       0x20 ./Drivers/STM32L4xx_HAL_Driver/Src/stm32l4xx_hal_rcc_ex.o
                0x00000000080035cc                HAL_RCCEx_EnableMSIPLLMode
 .text.RCCEx_PLLSAI1_Config
                0x00000000080035ec      0x1e8 ./Drivers/STM32L4xx_HAL_Driver/Src/stm32l4xx_hal_rcc_ex.o
 .text.RCCEx_PLLSAI2_Config
                0x00000000080037d4      0x1bc ./Drivers/STM32L4xx_HAL_Driver/Src/stm32l4xx_hal_rcc_ex.o
 .text.HAL_UART_Init
                0x0000000008003990       0x9c ./Drivers/STM32L4xx_HAL_Driver/Src/stm32l4xx_hal_uart.o
                0x0000000008003990                HAL_UART_Init
 .text.UART_SetConfig
                0x0000000008003a2c      0x570 ./Drivers/STM32L4xx_HAL_Driver/Src/stm32l4xx_hal_uart.o
                0x0000000008003a2c                UART_SetConfig
 .text.UART_AdvFeatureConfig
                0x0000000008003f9c      0x144 ./Drivers/STM32L4xx_HAL_Driver/Src/stm32l4xx_hal_uart.o
                0x0000000008003f9c                UART_AdvFeatureConfig
 .text.UART_CheckIdleState
                0x00000000080040e0      0x150 ./Drivers/STM32L4xx_HAL_Driver/Src/stm32l4xx_hal_uart.o
                0x00000000080040e0                UART_CheckIdleState
 .text.UART_WaitOnFlagUntilTimeout
                0x0000000008004230       0xce ./Drivers/STM32L4xx_HAL_Driver/Src/stm32l4xx_hal_uart.o
                0x0000000008004230                UART_WaitOnFlagUntilTimeout
 .text.UART_EndRxTransfer
                0x00000000080042fe       0xc8 ./Drivers/STM32L4xx_HAL_Driver/Src/stm32l4xx_hal_uart.o
 .text.USB_CoreInit
                0x00000000080043c6       0x58 ./Drivers/STM32L4xx_HAL_Driver/Src/stm32l4xx_ll_usb.o
                0x00000000080043c6                USB_CoreInit
 *fill*         0x000000000800441e        0x2 
 .text.USB_SetTurnaroundTime
                0x0000000008004420      0x138 ./Drivers/STM32L4xx_HAL_Driver/Src/stm32l4xx_ll_usb.o
                0x0000000008004420                USB_SetTurnaroundTime
 .text.USB_EnableGlobalInt
                0x0000000008004558       0x22 ./Drivers/STM32L4xx_HAL_Driver/Src/stm32l4xx_ll_usb.o
                0x0000000008004558                USB_EnableGlobalInt
 .text.USB_DisableGlobalInt
                0x000000000800457a       0x22 ./Drivers/STM32L4xx_HAL_Driver/Src/stm32l4xx_ll_usb.o
                0x000000000800457a                USB_DisableGlobalInt
 .text.USB_SetCurrentMode
                0x000000000800459c       0x98 ./Drivers/STM32L4xx_HAL_Driver/Src/stm32l4xx_ll_usb.o
                0x000000000800459c                USB_SetCurrentMode
 .text.USB_DevInit
                0x0000000008004634      0x284 ./Drivers/STM32L4xx_HAL_Driver/Src/stm32l4xx_ll_usb.o
                0x0000000008004634                USB_DevInit
 .text.USB_FlushTxFifo
                0x00000000080048b8       0x68 ./Drivers/STM32L4xx_HAL_Driver/Src/stm32l4xx_ll_usb.o
                0x00000000080048b8                USB_FlushTxFifo
 .text.USB_FlushRxFifo
                0x0000000008004920       0x60 ./Drivers/STM32L4xx_HAL_Driver/Src/stm32l4xx_ll_usb.o
                0x0000000008004920                USB_FlushRxFifo
 .text.USB_SetDevSpeed
                0x0000000008004980       0x32 ./Drivers/STM32L4xx_HAL_Driver/Src/stm32l4xx_ll_usb.o
                0x0000000008004980                USB_SetDevSpeed
 .text.USB_GetDevSpeed
                0x00000000080049b2       0x3e ./Drivers/STM32L4xx_HAL_Driver/Src/stm32l4xx_ll_usb.o
                0x00000000080049b2                USB_GetDevSpeed
 .text.USB_ActivateEndpoint
                0x00000000080049f0      0x10e ./Drivers/STM32L4xx_HAL_Driver/Src/stm32l4xx_ll_usb.o
                0x00000000080049f0                USB_ActivateEndpoint
 *fill*         0x0000000008004afe        0x2 
 .text.USB_DeactivateEndpoint
                0x0000000008004b00      0x1b8 ./Drivers/STM32L4xx_HAL_Driver/Src/stm32l4xx_ll_usb.o
                0x0000000008004b00                USB_DeactivateEndpoint
 .text.USB_EPStartXfer
                0x0000000008004cb8      0x464 ./Drivers/STM32L4xx_HAL_Driver/Src/stm32l4xx_ll_usb.o
                0x0000000008004cb8                USB_EPStartXfer
 .text.USB_EPStopXfer
                0x000000000800511c      0x154 ./Drivers/STM32L4xx_HAL_Driver/Src/stm32l4xx_ll_usb.o
                0x000000000800511c                USB_EPStopXfer
 .text.USB_WritePacket
                0x0000000008005270       0x74 ./Drivers/STM32L4xx_HAL_Driver/Src/stm32l4xx_ll_usb.o
                0x0000000008005270                USB_WritePacket
 .text.USB_ReadPacket
                0x00000000080052e4       0xb0 ./Drivers/STM32L4xx_HAL_Driver/Src/stm32l4xx_ll_usb.o
                0x00000000080052e4                USB_ReadPacket
 .text.USB_EPSetStall
                0x0000000008005394       0xdc ./Drivers/STM32L4xx_HAL_Driver/Src/stm32l4xx_ll_usb.o
                0x0000000008005394                USB_EPSetStall
 .text.USB_EPClearStall
                0x0000000008005470       0xcc ./Drivers/STM32L4xx_HAL_Driver/Src/stm32l4xx_ll_usb.o
                0x0000000008005470                USB_EPClearStall
 .text.USB_SetDevAddress
                0x000000000800553c       0x4c ./Drivers/STM32L4xx_HAL_Driver/Src/stm32l4xx_ll_usb.o
                0x000000000800553c                USB_SetDevAddress
 .text.USB_DevConnect
                0x0000000008005588       0x42 ./Drivers/STM32L4xx_HAL_Driver/Src/stm32l4xx_ll_usb.o
                0x0000000008005588                USB_DevConnect
 .text.USB_DevDisconnect
                0x00000000080055ca       0x42 ./Drivers/STM32L4xx_HAL_Driver/Src/stm32l4xx_ll_usb.o
                0x00000000080055ca                USB_DevDisconnect
 .text.USB_ReadInterrupts
                0x000000000800560c       0x26 ./Drivers/STM32L4xx_HAL_Driver/Src/stm32l4xx_ll_usb.o
                0x000000000800560c                USB_ReadInterrupts
 .text.USB_ReadDevAllOutEpInterrupt
                0x0000000008005632       0x34 ./Drivers/STM32L4xx_HAL_Driver/Src/stm32l4xx_ll_usb.o
                0x0000000008005632                USB_ReadDevAllOutEpInterrupt
 .text.USB_ReadDevAllInEpInterrupt
                0x0000000008005666       0x34 ./Drivers/STM32L4xx_HAL_Driver/Src/stm32l4xx_ll_usb.o
                0x0000000008005666                USB_ReadDevAllInEpInterrupt
 .text.USB_ReadDevOutEPInterrupt
                0x000000000800569a       0x3c ./Drivers/STM32L4xx_HAL_Driver/Src/stm32l4xx_ll_usb.o
                0x000000000800569a                USB_ReadDevOutEPInterrupt
 .text.USB_ReadDevInEPInterrupt
                0x00000000080056d6       0x5c ./Drivers/STM32L4xx_HAL_Driver/Src/stm32l4xx_ll_usb.o
                0x00000000080056d6                USB_ReadDevInEPInterrupt
 .text.USB_GetMode
                0x0000000008005732       0x1c ./Drivers/STM32L4xx_HAL_Driver/Src/stm32l4xx_ll_usb.o
                0x0000000008005732                USB_GetMode
 .text.USB_ActivateSetup
                0x000000000800574e       0x46 ./Drivers/STM32L4xx_HAL_Driver/Src/stm32l4xx_ll_usb.o
                0x000000000800574e                USB_ActivateSetup
 .text.USB_EP0_OutStart
                0x0000000008005794       0x90 ./Drivers/STM32L4xx_HAL_Driver/Src/stm32l4xx_ll_usb.o
                0x0000000008005794                USB_EP0_OutStart
 .text.USB_CoreReset
                0x0000000008005824       0x68 ./Drivers/STM32L4xx_HAL_Driver/Src/stm32l4xx_ll_usb.o
 .text.USBD_CUSTOM_HID_Init
                0x000000000800588c      0x154 ./Middlewares/ST/STM32_USB_Device_Library/Class/CustomHID/Src/usbd_customhid.o
 .text.USBD_CUSTOM_HID_DeInit
                0x00000000080059e0       0xf4 ./Middlewares/ST/STM32_USB_Device_Library/Class/CustomHID/Src/usbd_customhid.o
 .text.USBD_CUSTOM_HID_Setup
                0x0000000008005ad4      0x234 ./Middlewares/ST/STM32_USB_Device_Library/Class/CustomHID/Src/usbd_customhid.o
 .text.USBD_CUSTOM_HID_SendReport
                0x0000000008005d08       0x64 ./Middlewares/ST/STM32_USB_Device_Library/Class/CustomHID/Src/usbd_customhid.o
                0x0000000008005d08                USBD_CUSTOM_HID_SendReport
 .text.USBD_CUSTOM_HID_GetFSCfgDesc
                0x0000000008005d6c       0x64 ./Middlewares/ST/STM32_USB_Device_Library/Class/CustomHID/Src/usbd_customhid.o
 .text.USBD_CUSTOM_HID_GetHSCfgDesc
                0x0000000008005dd0       0x64 ./Middlewares/ST/STM32_USB_Device_Library/Class/CustomHID/Src/usbd_customhid.o
 .text.USBD_CUSTOM_HID_GetOtherSpeedCfgDesc
                0x0000000008005e34       0x64 ./Middlewares/ST/STM32_USB_Device_Library/Class/CustomHID/Src/usbd_customhid.o
 .text.USBD_CUSTOM_HID_DataIn
                0x0000000008005e98       0x2c ./Middlewares/ST/STM32_USB_Device_Library/Class/CustomHID/Src/usbd_customhid.o
 .text.USBD_CUSTOM_HID_DataOut
                0x0000000008005ec4       0x5a ./Middlewares/ST/STM32_USB_Device_Library/Class/CustomHID/Src/usbd_customhid.o
 *fill*         0x0000000008005f1e        0x2 
 .text.USBD_CUSTOM_HID_ReceivePacket
                0x0000000008005f20       0x4c ./Middlewares/ST/STM32_USB_Device_Library/Class/CustomHID/Src/usbd_customhid.o
                0x0000000008005f20                USBD_CUSTOM_HID_ReceivePacket
 .text.USBD_CUSTOM_HID_EP0_RxReady
                0x0000000008005f6c       0x58 ./Middlewares/ST/STM32_USB_Device_Library/Class/CustomHID/Src/usbd_customhid.o
 .text.USBD_CUSTOM_HID_GetDeviceQualifierDesc
                0x0000000008005fc4       0x20 ./Middlewares/ST/STM32_USB_Device_Library/Class/CustomHID/Src/usbd_customhid.o
 .text.USBD_CUSTOM_HID_RegisterInterface
                0x0000000008005fe4       0x34 ./Middlewares/ST/STM32_USB_Device_Library/Class/CustomHID/Src/usbd_customhid.o
                0x0000000008005fe4                USBD_CUSTOM_HID_RegisterInterface
 .text.USBD_Init
                0x0000000008006018       0x60 ./Middlewares/ST/STM32_USB_Device_Library/Core/Src/usbd_core.o
                0x0000000008006018                USBD_Init
 .text.USBD_RegisterClass
                0x0000000008006078       0x6c ./Middlewares/ST/STM32_USB_Device_Library/Core/Src/usbd_core.o
                0x0000000008006078                USBD_RegisterClass
 .text.USBD_Start
                0x00000000080060e4       0x18 ./Middlewares/ST/STM32_USB_Device_Library/Core/Src/usbd_core.o
                0x00000000080060e4                USBD_Start
 .text.USBD_RunTestMode
                0x00000000080060fc       0x16 ./Middlewares/ST/STM32_USB_Device_Library/Core/Src/usbd_core.o
                0x00000000080060fc                USBD_RunTestMode
 .text.USBD_SetClassConfig
                0x0000000008006112       0x38 ./Middlewares/ST/STM32_USB_Device_Library/Core/Src/usbd_core.o
                0x0000000008006112                USBD_SetClassConfig
 .text.USBD_ClrClassConfig
                0x000000000800614a       0x34 ./Middlewares/ST/STM32_USB_Device_Library/Core/Src/usbd_core.o
                0x000000000800614a                USBD_ClrClassConfig
 .text.USBD_LL_SetupStage
                0x000000000800617e       0xaa ./Middlewares/ST/STM32_USB_Device_Library/Core/Src/usbd_core.o
                0x000000000800617e                USBD_LL_SetupStage
 .text.USBD_LL_DataOutStage
                0x0000000008006228      0x166 ./Middlewares/ST/STM32_USB_Device_Library/Core/Src/usbd_core.o
                0x0000000008006228                USBD_LL_DataOutStage
 .text.USBD_LL_DataInStage
                0x000000000800638e      0x164 ./Middlewares/ST/STM32_USB_Device_Library/Core/Src/usbd_core.o
                0x000000000800638e                USBD_LL_DataInStage
 .text.USBD_LL_Reset
                0x00000000080064f2       0xa4 ./Middlewares/ST/STM32_USB_Device_Library/Core/Src/usbd_core.o
                0x00000000080064f2                USBD_LL_Reset
 .text.USBD_LL_SetSpeed
                0x0000000008006596       0x20 ./Middlewares/ST/STM32_USB_Device_Library/Core/Src/usbd_core.o
                0x0000000008006596                USBD_LL_SetSpeed
 .text.USBD_LL_Suspend
                0x00000000080065b6       0x38 ./Middlewares/ST/STM32_USB_Device_Library/Core/Src/usbd_core.o
                0x00000000080065b6                USBD_LL_Suspend
 .text.USBD_LL_Resume
                0x00000000080065ee       0x30 ./Middlewares/ST/STM32_USB_Device_Library/Core/Src/usbd_core.o
                0x00000000080065ee                USBD_LL_Resume
 .text.USBD_LL_SOF
                0x000000000800661e       0x40 ./Middlewares/ST/STM32_USB_Device_Library/Core/Src/usbd_core.o
                0x000000000800661e                USBD_LL_SOF
 .text.USBD_LL_IsoINIncomplete
                0x000000000800665e       0x64 ./Middlewares/ST/STM32_USB_Device_Library/Core/Src/usbd_core.o
                0x000000000800665e                USBD_LL_IsoINIncomplete
 .text.USBD_LL_IsoOUTIncomplete
                0x00000000080066c2       0x64 ./Middlewares/ST/STM32_USB_Device_Library/Core/Src/usbd_core.o
                0x00000000080066c2                USBD_LL_IsoOUTIncomplete
 .text.USBD_LL_DevConnected
                0x0000000008006726       0x16 ./Middlewares/ST/STM32_USB_Device_Library/Core/Src/usbd_core.o
                0x0000000008006726                USBD_LL_DevConnected
 .text.USBD_LL_DevDisconnected
                0x000000000800673c       0x46 ./Middlewares/ST/STM32_USB_Device_Library/Core/Src/usbd_core.o
                0x000000000800673c                USBD_LL_DevDisconnected
 .text.USBD_CoreFindIF
                0x0000000008006782       0x1a ./Middlewares/ST/STM32_USB_Device_Library/Core/Src/usbd_core.o
                0x0000000008006782                USBD_CoreFindIF
 .text.USBD_CoreFindEP
                0x000000000800679c       0x1a ./Middlewares/ST/STM32_USB_Device_Library/Core/Src/usbd_core.o
                0x000000000800679c                USBD_CoreFindEP
 .text.USBD_GetEpDesc
                0x00000000080067b6       0x74 ./Middlewares/ST/STM32_USB_Device_Library/Core/Src/usbd_core.o
                0x00000000080067b6                USBD_GetEpDesc
 .text.USBD_GetNextDesc
                0x000000000800682a       0x3a ./Middlewares/ST/STM32_USB_Device_Library/Core/Src/usbd_core.o
                0x000000000800682a                USBD_GetNextDesc
 .text.SWAPBYTE
                0x0000000008006864       0x3c ./Middlewares/ST/STM32_USB_Device_Library/Core/Src/usbd_ctlreq.o
 .text.USBD_StdDevReq
                0x00000000080068a0       0xe4 ./Middlewares/ST/STM32_USB_Device_Library/Core/Src/usbd_ctlreq.o
                0x00000000080068a0                USBD_StdDevReq
 .text.USBD_StdItfReq
                0x0000000008006984       0xd8 ./Middlewares/ST/STM32_USB_Device_Library/Core/Src/usbd_ctlreq.o
                0x0000000008006984                USBD_StdItfReq
 .text.USBD_StdEPReq
                0x0000000008006a5c      0x33a ./Middlewares/ST/STM32_USB_Device_Library/Core/Src/usbd_ctlreq.o
                0x0000000008006a5c                USBD_StdEPReq
 *fill*         0x0000000008006d96        0x2 
 .text.USBD_GetDescriptor
                0x0000000008006d98      0x328 ./Middlewares/ST/STM32_USB_Device_Library/Core/Src/usbd_ctlreq.o
 .text.USBD_SetAddress
                0x00000000080070c0       0x88 ./Middlewares/ST/STM32_USB_Device_Library/Core/Src/usbd_ctlreq.o
 .text.USBD_SetConfig
                0x0000000008007148      0x154 ./Middlewares/ST/STM32_USB_Device_Library/Core/Src/usbd_ctlreq.o
 .text.USBD_GetConfig
                0x000000000800729c       0x6c ./Middlewares/ST/STM32_USB_Device_Library/Core/Src/usbd_ctlreq.o
 .text.USBD_GetStatus
                0x0000000008007308       0x68 ./Middlewares/ST/STM32_USB_Device_Library/Core/Src/usbd_ctlreq.o
 .text.USBD_SetFeature
                0x0000000008007370       0x52 ./Middlewares/ST/STM32_USB_Device_Library/Core/Src/usbd_ctlreq.o
 .text.USBD_ClrFeature
                0x00000000080073c2       0x44 ./Middlewares/ST/STM32_USB_Device_Library/Core/Src/usbd_ctlreq.o
 .text.USBD_ParseSetupRequest
                0x0000000008007406       0x74 ./Middlewares/ST/STM32_USB_Device_Library/Core/Src/usbd_ctlreq.o
                0x0000000008007406                USBD_ParseSetupRequest
 .text.USBD_CtlError
                0x000000000800747a       0x22 ./Middlewares/ST/STM32_USB_Device_Library/Core/Src/usbd_ctlreq.o
                0x000000000800747a                USBD_CtlError
 .text.USBD_GetString
                0x000000000800749c       0x8c ./Middlewares/ST/STM32_USB_Device_Library/Core/Src/usbd_ctlreq.o
                0x000000000800749c                USBD_GetString
 .text.USBD_GetLen
                0x0000000008007528       0x34 ./Middlewares/ST/STM32_USB_Device_Library/Core/Src/usbd_ctlreq.o
 .text.USBD_CtlSendData
                0x000000000800755c       0x36 ./Middlewares/ST/STM32_USB_Device_Library/Core/Src/usbd_ioreq.o
                0x000000000800755c                USBD_CtlSendData
 .text.USBD_CtlContinueSendData
                0x0000000008007592       0x22 ./Middlewares/ST/STM32_USB_Device_Library/Core/Src/usbd_ioreq.o
                0x0000000008007592                USBD_CtlContinueSendData
 .text.USBD_CtlPrepareRx
                0x00000000080075b4       0x3a ./Middlewares/ST/STM32_USB_Device_Library/Core/Src/usbd_ioreq.o
                0x00000000080075b4                USBD_CtlPrepareRx
 .text.USBD_CtlContinueRx
                0x00000000080075ee       0x22 ./Middlewares/ST/STM32_USB_Device_Library/Core/Src/usbd_ioreq.o
                0x00000000080075ee                USBD_CtlContinueRx
 .text.USBD_CtlSendStatus
                0x0000000008007610       0x26 ./Middlewares/ST/STM32_USB_Device_Library/Core/Src/usbd_ioreq.o
                0x0000000008007610                USBD_CtlSendStatus
 .text.USBD_CtlReceiveStatus
                0x0000000008007636       0x26 ./Middlewares/ST/STM32_USB_Device_Library/Core/Src/usbd_ioreq.o
                0x0000000008007636                USBD_CtlReceiveStatus
 .text.MX_USB_DEVICE_Init
                0x000000000800765c       0x60 ./USB_DEVICE/App/usb_device.o
                0x000000000800765c                MX_USB_DEVICE_Init
 .text.CUSTOM_HID_Init_FS
                0x00000000080076bc       0x10 ./USB_DEVICE/App/usbd_custom_hid_if.o
 .text.CUSTOM_HID_DeInit_FS
                0x00000000080076cc       0x10 ./USB_DEVICE/App/usbd_custom_hid_if.o
 .text.CUSTOM_HID_OutEvent_FS
                0x00000000080076dc       0x24 ./USB_DEVICE/App/usbd_custom_hid_if.o
 .text.USBD_FS_DeviceDescriptor
                0x0000000008007700       0x24 ./USB_DEVICE/App/usbd_desc.o
                0x0000000008007700                USBD_FS_DeviceDescriptor
 .text.USBD_FS_LangIDStrDescriptor
                0x0000000008007724       0x24 ./USB_DEVICE/App/usbd_desc.o
                0x0000000008007724                USBD_FS_LangIDStrDescriptor
 .text.USBD_FS_ProductStrDescriptor
                0x0000000008007748       0x3c ./USB_DEVICE/App/usbd_desc.o
                0x0000000008007748                USBD_FS_ProductStrDescriptor
 .text.USBD_FS_ManufacturerStrDescriptor
                0x0000000008007784       0x28 ./USB_DEVICE/App/usbd_desc.o
                0x0000000008007784                USBD_FS_ManufacturerStrDescriptor
 .text.USBD_FS_SerialStrDescriptor
                0x00000000080077ac       0x24 ./USB_DEVICE/App/usbd_desc.o
                0x00000000080077ac                USBD_FS_SerialStrDescriptor
 .text.USBD_FS_ConfigStrDescriptor
                0x00000000080077d0       0x3c ./USB_DEVICE/App/usbd_desc.o
                0x00000000080077d0                USBD_FS_ConfigStrDescriptor
 .text.USBD_FS_InterfaceStrDescriptor
                0x000000000800780c       0x3c ./USB_DEVICE/App/usbd_desc.o
                0x000000000800780c                USBD_FS_InterfaceStrDescriptor
 .text.USBD_FS_USR_BOSDescriptor
                0x0000000008007848       0x24 ./USB_DEVICE/App/usbd_desc.o
                0x0000000008007848                USBD_FS_USR_BOSDescriptor
 .text.Get_SerialNum
                0x000000000800786c       0x58 ./USB_DEVICE/App/usbd_desc.o
 .text.IntToUnicode
                0x00000000080078c4       0x7e ./USB_DEVICE/App/usbd_desc.o
 *fill*         0x0000000008007942        0x2 
 .text.HAL_PCD_MspInit
                0x0000000008007944      0x124 ./USB_DEVICE/Target/usbd_conf.o
                0x0000000008007944                HAL_PCD_MspInit
 .text.HAL_PCD_SetupStageCallback
                0x0000000008007a68       0x24 ./USB_DEVICE/Target/usbd_conf.o
                0x0000000008007a68                HAL_PCD_SetupStageCallback
 .text.HAL_PCD_DataOutStageCallback
                0x0000000008007a8c       0x36 ./USB_DEVICE/Target/usbd_conf.o
                0x0000000008007a8c                HAL_PCD_DataOutStageCallback
 .text.HAL_PCD_DataInStageCallback
                0x0000000008007ac2       0x34 ./USB_DEVICE/Target/usbd_conf.o
                0x0000000008007ac2                HAL_PCD_DataInStageCallback
 .text.HAL_PCD_SOFCallback
                0x0000000008007af6       0x1c ./USB_DEVICE/Target/usbd_conf.o
                0x0000000008007af6                HAL_PCD_SOFCallback
 .text.HAL_PCD_ResetCallback
                0x0000000008007b12       0x3c ./USB_DEVICE/Target/usbd_conf.o
                0x0000000008007b12                HAL_PCD_ResetCallback
 *fill*         0x0000000008007b4e        0x2 
 .text.HAL_PCD_SuspendCallback
                0x0000000008007b50       0x4c ./USB_DEVICE/Target/usbd_conf.o
                0x0000000008007b50                HAL_PCD_SuspendCallback
 .text.HAL_PCD_ResumeCallback
                0x0000000008007b9c       0x50 ./USB_DEVICE/Target/usbd_conf.o
                0x0000000008007b9c                HAL_PCD_ResumeCallback
 .text.HAL_PCD_ISOOUTIncompleteCallback
                0x0000000008007bec       0x24 ./USB_DEVICE/Target/usbd_conf.o
                0x0000000008007bec                HAL_PCD_ISOOUTIncompleteCallback
 .text.HAL_PCD_ISOINIncompleteCallback
                0x0000000008007c10       0x24 ./USB_DEVICE/Target/usbd_conf.o
                0x0000000008007c10                HAL_PCD_ISOINIncompleteCallback
 .text.HAL_PCD_ConnectCallback
                0x0000000008007c34       0x1c ./USB_DEVICE/Target/usbd_conf.o
                0x0000000008007c34                HAL_PCD_ConnectCallback
 .text.HAL_PCD_DisconnectCallback
                0x0000000008007c50       0x1c ./USB_DEVICE/Target/usbd_conf.o
                0x0000000008007c50                HAL_PCD_DisconnectCallback
 .text.USBD_LL_Init
                0x0000000008007c6c       0x98 ./USB_DEVICE/Target/usbd_conf.o
                0x0000000008007c6c                USBD_LL_Init
 .text.USBD_LL_Start
                0x0000000008007d04       0x64 ./USB_DEVICE/Target/usbd_conf.o
                0x0000000008007d04                USBD_LL_Start
 .text.USBD_LL_OpenEP
                0x0000000008007d68       0x7c ./USB_DEVICE/Target/usbd_conf.o
                0x0000000008007d68                USBD_LL_OpenEP
 .text.USBD_LL_CloseEP
                0x0000000008007de4       0x6c ./USB_DEVICE/Target/usbd_conf.o
                0x0000000008007de4                USBD_LL_CloseEP
 .text.USBD_LL_StallEP
                0x0000000008007e50       0x6c ./USB_DEVICE/Target/usbd_conf.o
                0x0000000008007e50                USBD_LL_StallEP
 .text.USBD_LL_ClearStallEP
                0x0000000008007ebc       0x6c ./USB_DEVICE/Target/usbd_conf.o
                0x0000000008007ebc                USBD_LL_ClearStallEP
 .text.USBD_LL_IsStallEP
                0x0000000008007f28       0x58 ./USB_DEVICE/Target/usbd_conf.o
                0x0000000008007f28                USBD_LL_IsStallEP
 .text.USBD_LL_SetUSBAddress
                0x0000000008007f80       0x6c ./USB_DEVICE/Target/usbd_conf.o
                0x0000000008007f80                USBD_LL_SetUSBAddress
 .text.USBD_LL_Transmit
                0x0000000008007fec       0x70 ./USB_DEVICE/Target/usbd_conf.o
                0x0000000008007fec                USBD_LL_Transmit
 .text.USBD_LL_PrepareReceive
                0x000000000800805c       0x70 ./USB_DEVICE/Target/usbd_conf.o
                0x000000000800805c                USBD_LL_PrepareReceive
 .text.HAL_PCDEx_LPM_Callback
                0x00000000080080cc       0x9c ./USB_DEVICE/Target/usbd_conf.o
                0x00000000080080cc                HAL_PCDEx_LPM_Callback
 .text.USBD_static_malloc
                0x0000000008008168       0x1c ./USB_DEVICE/Target/usbd_conf.o
                0x0000000008008168                USBD_static_malloc
 .text.USBD_static_free
                0x0000000008008184       0x14 ./USB_DEVICE/Target/usbd_conf.o
                0x0000000008008184                USBD_static_free
 .text.SystemClockConfig_Resume
                0x0000000008008198        0xc ./USB_DEVICE/Target/usbd_conf.o
 .text.memset   0x00000000080081a4       0x10 C:/ST/STM32CubeIDE_1.13.1/STM32CubeIDE/plugins/com.st.stm32cube.ide.mcu.externaltools.gnu-tools-for-stm32.11.3.rel1.win32_1.1.0.202305231506/tools/bin/../lib/gcc/arm-none-eabi/11.3.1/../../../../arm-none-eabi/lib/thumb/v7e-m+fp/hard\libc_nano.a(libc_a-memset.o)
                0x00000000080081a4                memset
 .text.__libc_init_array
                0x00000000080081b4       0x48 C:/ST/STM32CubeIDE_1.13.1/STM32CubeIDE/plugins/com.st.stm32cube.ide.mcu.externaltools.gnu-tools-for-stm32.11.3.rel1.win32_1.1.0.202305231506/tools/bin/../lib/gcc/arm-none-eabi/11.3.1/../../../../arm-none-eabi/lib/thumb/v7e-m+fp/hard\libc_nano.a(libc_a-init.o)
                0x00000000080081b4                __libc_init_array
 *(.glue_7)
 .glue_7        0x00000000080081fc        0x0 linker stubs
 *(.glue_7t)
 .glue_7t       0x00000000080081fc        0x0 linker stubs
 *(.eh_frame)
 .eh_frame      0x00000000080081fc        0x0 C:/ST/STM32CubeIDE_1.13.1/STM32CubeIDE/plugins/com.st.stm32cube.ide.mcu.externaltools.gnu-tools-for-stm32.11.3.rel1.win32_1.1.0.202305231506/tools/bin/../lib/gcc/arm-none-eabi/11.3.1/thumb/v7e-m+fp/hard/crtbegin.o
 *(.init)
 .init          0x00000000080081fc        0x4 C:/ST/STM32CubeIDE_1.13.1/STM32CubeIDE/plugins/com.st.stm32cube.ide.mcu.externaltools.gnu-tools-for-stm32.11.3.rel1.win32_1.1.0.202305231506/tools/bin/../lib/gcc/arm-none-eabi/11.3.1/thumb/v7e-m+fp/hard/crti.o
                0x00000000080081fc                _init
 .init          0x0000000008008200        0x8 C:/ST/STM32CubeIDE_1.13.1/STM32CubeIDE/plugins/com.st.stm32cube.ide.mcu.externaltools.gnu-tools-for-stm32.11.3.rel1.win32_1.1.0.202305231506/tools/bin/../lib/gcc/arm-none-eabi/11.3.1/thumb/v7e-m+fp/hard/crtn.o
 *(.fini)
 .fini          0x0000000008008208        0x4 C:/ST/STM32CubeIDE_1.13.1/STM32CubeIDE/plugins/com.st.stm32cube.ide.mcu.externaltools.gnu-tools-for-stm32.11.3.rel1.win32_1.1.0.202305231506/tools/bin/../lib/gcc/arm-none-eabi/11.3.1/thumb/v7e-m+fp/hard/crti.o
                0x0000000008008208                _fini
 .fini          0x000000000800820c        0x8 C:/ST/STM32CubeIDE_1.13.1/STM32CubeIDE/plugins/com.st.stm32cube.ide.mcu.externaltools.gnu-tools-for-stm32.11.3.rel1.win32_1.1.0.202305231506/tools/bin/../lib/gcc/arm-none-eabi/11.3.1/thumb/v7e-m+fp/hard/crtn.o
                0x0000000008008214                . = ALIGN (0x4)
                0x0000000008008214                _etext = .

.vfp11_veneer   0x0000000008008214        0x0
 .vfp11_veneer  0x0000000008008214        0x0 linker stubs

.v4_bx          0x0000000008008214        0x0
 .v4_bx         0x0000000008008214        0x0 linker stubs

.iplt           0x0000000008008214        0x0
 .iplt          0x0000000008008214        0x0 C:/ST/STM32CubeIDE_1.13.1/STM32CubeIDE/plugins/com.st.stm32cube.ide.mcu.externaltools.gnu-tools-for-stm32.11.3.rel1.win32_1.1.0.202305231506/tools/bin/../lib/gcc/arm-none-eabi/11.3.1/thumb/v7e-m+fp/hard/crtbegin.o

.rodata         0x0000000008008214       0x9c
                0x0000000008008214                . = ALIGN (0x4)
 *(.rodata)
 .rodata        0x0000000008008214       0x51 ./USB_DEVICE/App/usbd_desc.o
 *(.rodata*)
 *fill*         0x0000000008008265        0x3 
 .rodata.AHBPrescTable
                0x0000000008008268       0x10 ./Core/Src/system_stm32l4xx.o
                0x0000000008008268                AHBPrescTable
 .rodata.APBPrescTable
                0x0000000008008278        0x8 ./Core/Src/system_stm32l4xx.o
                0x0000000008008278                APBPrescTable
 .rodata.MSIRangeTable
                0x0000000008008280       0x30 ./Core/Src/system_stm32l4xx.o
                0x0000000008008280                MSIRangeTable
                0x00000000080082b0                . = ALIGN (0x4)

.ARM.extab      0x00000000080082b0        0x0
                0x00000000080082b0                . = ALIGN (0x4)
 *(.ARM.extab* .gnu.linkonce.armextab.*)
                0x00000000080082b0                . = ALIGN (0x4)

.ARM            0x00000000080082b0        0x8
                0x00000000080082b0                . = ALIGN (0x4)
                0x00000000080082b0                __exidx_start = .
 *(.ARM.exidx*)
 .ARM.exidx     0x00000000080082b0        0x8 C:/ST/STM32CubeIDE_1.13.1/STM32CubeIDE/plugins/com.st.stm32cube.ide.mcu.externaltools.gnu-tools-for-stm32.11.3.rel1.win32_1.1.0.202305231506/tools/bin/../lib/gcc/arm-none-eabi/11.3.1/thumb/v7e-m+fp/hard\libgcc.a(_udivmoddi4.o)
                0x00000000080082b8                __exidx_end = .
                0x00000000080082b8                . = ALIGN (0x4)

.rel.dyn        0x00000000080082b8        0x0
 .rel.iplt      0x00000000080082b8        0x0 C:/ST/STM32CubeIDE_1.13.1/STM32CubeIDE/plugins/com.st.stm32cube.ide.mcu.externaltools.gnu-tools-for-stm32.11.3.rel1.win32_1.1.0.202305231506/tools/bin/../lib/gcc/arm-none-eabi/11.3.1/thumb/v7e-m+fp/hard/crtbegin.o

.preinit_array  0x00000000080082b8        0x0
                0x00000000080082b8                . = ALIGN (0x4)
                0x00000000080082b8                PROVIDE (__preinit_array_start = .)
 *(.preinit_array*)
                0x00000000080082b8                PROVIDE (__preinit_array_end = .)
                0x00000000080082b8                . = ALIGN (0x4)

.init_array     0x00000000080082b8        0x4
                0x00000000080082b8                . = ALIGN (0x4)
                0x00000000080082b8                PROVIDE (__init_array_start = .)
 *(SORT_BY_NAME(.init_array.*))
 *(.init_array*)
 .init_array    0x00000000080082b8        0x4 C:/ST/STM32CubeIDE_1.13.1/STM32CubeIDE/plugins/com.st.stm32cube.ide.mcu.externaltools.gnu-tools-for-stm32.11.3.rel1.win32_1.1.0.202305231506/tools/bin/../lib/gcc/arm-none-eabi/11.3.1/thumb/v7e-m+fp/hard/crtbegin.o
                0x00000000080082bc                PROVIDE (__init_array_end = .)
                0x00000000080082bc                . = ALIGN (0x4)

.fini_array     0x00000000080082bc        0x4
                0x00000000080082bc                . = ALIGN (0x4)
                [!provide]                        PROVIDE (__fini_array_start = .)
 *(SORT_BY_NAME(.fini_array.*))
 *(.fini_array*)
 .fini_array    0x00000000080082bc        0x4 C:/ST/STM32CubeIDE_1.13.1/STM32CubeIDE/plugins/com.st.stm32cube.ide.mcu.externaltools.gnu-tools-for-stm32.11.3.rel1.win32_1.1.0.202305231506/tools/bin/../lib/gcc/arm-none-eabi/11.3.1/thumb/v7e-m+fp/hard/crtbegin.o
                [!provide]                        PROVIDE (__fini_array_end = .)
                0x00000000080082c0                . = ALIGN (0x4)
                0x00000000080082c0                _sidata = LOADADDR (.data)

.data           0x0000000020000000      0x114 load address 0x00000000080082c0
                0x0000000020000000                . = ALIGN (0x4)
                0x0000000020000000                _sdata = .
 *(.data)
 *(.data*)
 .data.data     0x0000000020000000        0x2 ./Core/Src/main.o
                0x0000000020000000                data
 *fill*         0x0000000020000002        0x2 
 .data.SystemCoreClock
                0x0000000020000004        0x4 ./Core/Src/system_stm32l4xx.o
                0x0000000020000004                SystemCoreClock
 .data.uwTickPrio
                0x0000000020000008        0x4 ./Drivers/STM32L4xx_HAL_Driver/Src/stm32l4xx_hal.o
                0x0000000020000008                uwTickPrio
 .data.uwTickFreq
                0x000000002000000c        0x1 ./Drivers/STM32L4xx_HAL_Driver/Src/stm32l4xx_hal.o
                0x000000002000000c                uwTickFreq
 *fill*         0x000000002000000d        0x3 
 .data.USBD_CUSTOM_HID
                0x0000000020000010       0x38 ./Middlewares/ST/STM32_USB_Device_Library/Class/CustomHID/Src/usbd_customhid.o
                0x0000000020000010                USBD_CUSTOM_HID
 .data.USBD_CUSTOM_HID_CfgDesc
                0x0000000020000048       0x29 ./Middlewares/ST/STM32_USB_Device_Library/Class/CustomHID/Src/usbd_customhid.o
 *fill*         0x0000000020000071        0x3 
 .data.USBD_CUSTOM_HID_Desc
                0x0000000020000074        0x9 ./Middlewares/ST/STM32_USB_Device_Library/Class/CustomHID/Src/usbd_customhid.o
 *fill*         0x000000002000007d        0x3 
 .data.USBD_CUSTOM_HID_DeviceQualifierDesc
                0x0000000020000080        0xa ./Middlewares/ST/STM32_USB_Device_Library/Class/CustomHID/Src/usbd_customhid.o
 .data.CUSTOMHIDInEpAdd
                0x000000002000008a        0x1 ./Middlewares/ST/STM32_USB_Device_Library/Class/CustomHID/Src/usbd_customhid.o
 .data.CUSTOMHIDOutEpAdd
                0x000000002000008b        0x1 ./Middlewares/ST/STM32_USB_Device_Library/Class/CustomHID/Src/usbd_customhid.o
 .data.CUSTOM_HID_ReportDesc_FS
                0x000000002000008c       0x18 ./USB_DEVICE/App/usbd_custom_hid_if.o
 .data.USBD_CustomHID_fops_FS
                0x00000000200000a4       0x10 ./USB_DEVICE/App/usbd_custom_hid_if.o
                0x00000000200000a4                USBD_CustomHID_fops_FS
 .data.FS_Desc  0x00000000200000b4       0x20 ./USB_DEVICE/App/usbd_desc.o
                0x00000000200000b4                FS_Desc
 .data.USBD_FS_DeviceDesc
                0x00000000200000d4       0x12 ./USB_DEVICE/App/usbd_desc.o
                0x00000000200000d4                USBD_FS_DeviceDesc
 *fill*         0x00000000200000e6        0x2 
 .data.USBD_FS_BOSDesc
                0x00000000200000e8        0xc ./USB_DEVICE/App/usbd_desc.o
                0x00000000200000e8                USBD_FS_BOSDesc
 .data.USBD_LangIDDesc
                0x00000000200000f4        0x4 ./USB_DEVICE/App/usbd_desc.o
                0x00000000200000f4                USBD_LangIDDesc
 .data.USBD_StringSerial
                0x00000000200000f8       0x1a ./USB_DEVICE/App/usbd_desc.o
                0x00000000200000f8                USBD_StringSerial
 *(.RamFunc)
 *(.RamFunc*)
                0x0000000020000114                . = ALIGN (0x4)
 *fill*         0x0000000020000112        0x2 
                0x0000000020000114                _edata = .

.igot.plt       0x0000000020000114        0x0 load address 0x00000000080083d4
 .igot.plt      0x0000000020000114        0x0 C:/ST/STM32CubeIDE_1.13.1/STM32CubeIDE/plugins/com.st.stm32cube.ide.mcu.externaltools.gnu-tools-for-stm32.11.3.rel1.win32_1.1.0.202305231506/tools/bin/../lib/gcc/arm-none-eabi/11.3.1/thumb/v7e-m+fp/hard/crtbegin.o
                0x0000000020000114                . = ALIGN (0x4)

.bss            0x0000000020000114      0xab0 load address 0x00000000080083d4
                0x0000000020000114                _sbss = .
                0x0000000020000114                __bss_start__ = _sbss
 *(.bss)
 .bss           0x0000000020000114       0x1c C:/ST/STM32CubeIDE_1.13.1/STM32CubeIDE/plugins/com.st.stm32cube.ide.mcu.externaltools.gnu-tools-for-stm32.11.3.rel1.win32_1.1.0.202305231506/tools/bin/../lib/gcc/arm-none-eabi/11.3.1/thumb/v7e-m+fp/hard/crtbegin.o
 *(.bss*)
 .bss.huart2    0x0000000020000130       0x88 ./Core/Src/usart.o
                0x0000000020000130                huart2
 .bss.uwTick    0x00000000200001b8        0x4 ./Drivers/STM32L4xx_HAL_Driver/Src/stm32l4xx_hal.o
                0x00000000200001b8                uwTick
 .bss.cfgidx.0  0x00000000200001bc        0x1 ./Middlewares/ST/STM32_USB_Device_Library/Core/Src/usbd_ctlreq.o
 *fill*         0x00000000200001bd        0x3 
 .bss.hUsbDeviceFS
                0x00000000200001c0      0x2dc ./USB_DEVICE/App/usb_device.o
                0x00000000200001c0                hUsbDeviceFS
 .bss.USBD_StrDesc
                0x000000002000049c      0x200 ./USB_DEVICE/App/usbd_desc.o
                0x000000002000049c                USBD_StrDesc
 .bss.hpcd_USB_OTG_FS
                0x000000002000069c      0x50c ./USB_DEVICE/Target/usbd_conf.o
                0x000000002000069c                hpcd_USB_OTG_FS
 .bss.mem.0     0x0000000020000ba8       0x1c ./USB_DEVICE/Target/usbd_conf.o
 *(COMMON)
                0x0000000020000bc4                . = ALIGN (0x4)
                0x0000000020000bc4                _ebss = .
                0x0000000020000bc4                __bss_end__ = _ebss

._user_heap_stack
                0x0000000020000bc4      0x604 load address 0x00000000080083d4
                0x0000000020000bc8                . = ALIGN (0x8)
 *fill*         0x0000000020000bc4        0x4 
                [!provide]                        PROVIDE (end = .)
                0x0000000020000bc8                PROVIDE (_end = .)
                0x0000000020000dc8                . = (. + _Min_Heap_Size)
 *fill*         0x0000000020000bc8      0x200 
                0x00000000200011c8                . = (. + _Min_Stack_Size)
 *fill*         0x0000000020000dc8      0x400 
                0x00000000200011c8                . = ALIGN (0x8)

/DISCARD/
 libc.a(*)
 libm.a(*)
 libgcc.a(*)

.ARM.attributes
                0x0000000000000000       0x30
 *(.ARM.attributes)
 .ARM.attributes
                0x0000000000000000       0x1e C:/ST/STM32CubeIDE_1.13.1/STM32CubeIDE/plugins/com.st.stm32cube.ide.mcu.externaltools.gnu-tools-for-stm32.11.3.rel1.win32_1.1.0.202305231506/tools/bin/../lib/gcc/arm-none-eabi/11.3.1/thumb/v7e-m+fp/hard/crti.o
 .ARM.attributes
                0x000000000000001e       0x34 C:/ST/STM32CubeIDE_1.13.1/STM32CubeIDE/plugins/com.st.stm32cube.ide.mcu.externaltools.gnu-tools-for-stm32.11.3.rel1.win32_1.1.0.202305231506/tools/bin/../lib/gcc/arm-none-eabi/11.3.1/thumb/v7e-m+fp/hard/crtbegin.o
 .ARM.attributes
                0x0000000000000052       0x34 ./Core/Src/gpio.o
 .ARM.attributes
                0x0000000000000086       0x34 ./Core/Src/main.o
 .ARM.attributes
                0x00000000000000ba       0x34 ./Core/Src/stm32l4xx_hal_msp.o
 .ARM.attributes
                0x00000000000000ee       0x34 ./Core/Src/stm32l4xx_it.o
 .ARM.attributes
                0x0000000000000122       0x34 ./Core/Src/system_stm32l4xx.o
 .ARM.attributes
                0x0000000000000156       0x34 ./Core/Src/usart.o
 .ARM.attributes
                0x000000000000018a       0x21 ./Core/Startup/startup_stm32l476rgtx.o
 .ARM.attributes
                0x00000000000001ab       0x34 ./Drivers/STM32L4xx_HAL_Driver/Src/stm32l4xx_hal.o
 .ARM.attributes
                0x00000000000001df       0x34 ./Drivers/STM32L4xx_HAL_Driver/Src/stm32l4xx_hal_cortex.o
 .ARM.attributes
                0x0000000000000213       0x34 ./Drivers/STM32L4xx_HAL_Driver/Src/stm32l4xx_hal_gpio.o
 .ARM.attributes
                0x0000000000000247       0x34 ./Drivers/STM32L4xx_HAL_Driver/Src/stm32l4xx_hal_pcd.o
 .ARM.attributes
                0x000000000000027b       0x34 ./Drivers/STM32L4xx_HAL_Driver/Src/stm32l4xx_hal_pcd_ex.o
 .ARM.attributes
                0x00000000000002af       0x34 ./Drivers/STM32L4xx_HAL_Driver/Src/stm32l4xx_hal_pwr.o
 .ARM.attributes
                0x00000000000002e3       0x34 ./Drivers/STM32L4xx_HAL_Driver/Src/stm32l4xx_hal_pwr_ex.o
 .ARM.attributes
                0x0000000000000317       0x34 ./Drivers/STM32L4xx_HAL_Driver/Src/stm32l4xx_hal_rcc.o
 .ARM.attributes
                0x000000000000034b       0x34 ./Drivers/STM32L4xx_HAL_Driver/Src/stm32l4xx_hal_rcc_ex.o
 .ARM.attributes
                0x000000000000037f       0x34 ./Drivers/STM32L4xx_HAL_Driver/Src/stm32l4xx_hal_uart.o
 .ARM.attributes
                0x00000000000003b3       0x34 ./Drivers/STM32L4xx_HAL_Driver/Src/stm32l4xx_ll_usb.o
 .ARM.attributes
                0x00000000000003e7       0x34 ./Middlewares/ST/STM32_USB_Device_Library/Class/CustomHID/Src/usbd_customhid.o
 .ARM.attributes
                0x000000000000041b       0x34 ./Middlewares/ST/STM32_USB_Device_Library/Core/Src/usbd_core.o
 .ARM.attributes
                0x000000000000044f       0x34 ./Middlewares/ST/STM32_USB_Device_Library/Core/Src/usbd_ctlreq.o
 .ARM.attributes
                0x0000000000000483       0x34 ./Middlewares/ST/STM32_USB_Device_Library/Core/Src/usbd_ioreq.o
 .ARM.attributes
                0x00000000000004b7       0x34 ./USB_DEVICE/App/usb_device.o
 .ARM.attributes
                0x00000000000004eb       0x34 ./USB_DEVICE/App/usbd_custom_hid_if.o
 .ARM.attributes
                0x000000000000051f       0x34 ./USB_DEVICE/App/usbd_desc.o
 .ARM.attributes
                0x0000000000000553       0x34 ./USB_DEVICE/Target/usbd_conf.o
 .ARM.attributes
                0x0000000000000587       0x34 C:/ST/STM32CubeIDE_1.13.1/STM32CubeIDE/plugins/com.st.stm32cube.ide.mcu.externaltools.gnu-tools-for-stm32.11.3.rel1.win32_1.1.0.202305231506/tools/bin/../lib/gcc/arm-none-eabi/11.3.1/../../../../arm-none-eabi/lib/thumb/v7e-m+fp/hard\libc_nano.a(libc_a-memset.o)
 .ARM.attributes
                0x00000000000005bb       0x34 C:/ST/STM32CubeIDE_1.13.1/STM32CubeIDE/plugins/com.st.stm32cube.ide.mcu.externaltools.gnu-tools-for-stm32.11.3.rel1.win32_1.1.0.202305231506/tools/bin/../lib/gcc/arm-none-eabi/11.3.1/../../../../arm-none-eabi/lib/thumb/v7e-m+fp/hard\libc_nano.a(libc_a-init.o)
 .ARM.attributes
                0x00000000000005ef       0x1e C:/ST/STM32CubeIDE_1.13.1/STM32CubeIDE/plugins/com.st.stm32cube.ide.mcu.externaltools.gnu-tools-for-stm32.11.3.rel1.win32_1.1.0.202305231506/tools/bin/../lib/gcc/arm-none-eabi/11.3.1/thumb/v7e-m+fp/hard\libgcc.a(_aeabi_uldivmod.o)
 .ARM.attributes
                0x000000000000060d       0x34 C:/ST/STM32CubeIDE_1.13.1/STM32CubeIDE/plugins/com.st.stm32cube.ide.mcu.externaltools.gnu-tools-for-stm32.11.3.rel1.win32_1.1.0.202305231506/tools/bin/../lib/gcc/arm-none-eabi/11.3.1/thumb/v7e-m+fp/hard\libgcc.a(_udivmoddi4.o)
 .ARM.attributes
                0x0000000000000641       0x1e C:/ST/STM32CubeIDE_1.13.1/STM32CubeIDE/plugins/com.st.stm32cube.ide.mcu.externaltools.gnu-tools-for-stm32.11.3.rel1.win32_1.1.0.202305231506/tools/bin/../lib/gcc/arm-none-eabi/11.3.1/thumb/v7e-m+fp/hard\libgcc.a(_dvmd_tls.o)
 .ARM.attributes
                0x000000000000065f       0x1e C:/ST/STM32CubeIDE_1.13.1/STM32CubeIDE/plugins/com.st.stm32cube.ide.mcu.externaltools.gnu-tools-for-stm32.11.3.rel1.win32_1.1.0.202305231506/tools/bin/../lib/gcc/arm-none-eabi/11.3.1/thumb/v7e-m+fp/hard/crtn.o
OUTPUT(usb_hid_test.elf elf32-littlearm)
LOAD linker stubs
LOAD C:/ST/STM32CubeIDE_1.13.1/STM32CubeIDE/plugins/com.st.stm32cube.ide.mcu.externaltools.gnu-tools-for-stm32.11.3.rel1.win32_1.1.0.202305231506/tools/bin/../lib/gcc/arm-none-eabi/11.3.1/../../../../arm-none-eabi/lib/thumb/v7e-m+fp/hard\libc.a
LOAD C:/ST/STM32CubeIDE_1.13.1/STM32CubeIDE/plugins/com.st.stm32cube.ide.mcu.externaltools.gnu-tools-for-stm32.11.3.rel1.win32_1.1.0.202305231506/tools/bin/../lib/gcc/arm-none-eabi/11.3.1/../../../../arm-none-eabi/lib/thumb/v7e-m+fp/hard\libm.a
LOAD C:/ST/STM32CubeIDE_1.13.1/STM32CubeIDE/plugins/com.st.stm32cube.ide.mcu.externaltools.gnu-tools-for-stm32.11.3.rel1.win32_1.1.0.202305231506/tools/bin/../lib/gcc/arm-none-eabi/11.3.1/thumb/v7e-m+fp/hard\libgcc.a

.comment        0x0000000000000000       0x43
 .comment       0x0000000000000000       0x43 C:/ST/STM32CubeIDE_1.13.1/STM32CubeIDE/plugins/com.st.stm32cube.ide.mcu.externaltools.gnu-tools-for-stm32.11.3.rel1.win32_1.1.0.202305231506/tools/bin/../lib/gcc/arm-none-eabi/11.3.1/thumb/v7e-m+fp/hard/crtbegin.o
                                         0x44 (size before relaxing)
 .comment       0x0000000000000043       0x44 ./Core/Src/gpio.o
 .comment       0x0000000000000043       0x44 ./Core/Src/main.o
 .comment       0x0000000000000043       0x44 ./Core/Src/stm32l4xx_hal_msp.o
 .comment       0x0000000000000043       0x44 ./Core/Src/stm32l4xx_it.o
 .comment       0x0000000000000043       0x44 ./Core/Src/system_stm32l4xx.o
 .comment       0x0000000000000043       0x44 ./Core/Src/usart.o
 .comment       0x0000000000000043       0x44 ./Drivers/STM32L4xx_HAL_Driver/Src/stm32l4xx_hal.o
 .comment       0x0000000000000043       0x44 ./Drivers/STM32L4xx_HAL_Driver/Src/stm32l4xx_hal_cortex.o
 .comment       0x0000000000000043       0x44 ./Drivers/STM32L4xx_HAL_Driver/Src/stm32l4xx_hal_gpio.o
 .comment       0x0000000000000043       0x44 ./Drivers/STM32L4xx_HAL_Driver/Src/stm32l4xx_hal_pcd.o
 .comment       0x0000000000000043       0x44 ./Drivers/STM32L4xx_HAL_Driver/Src/stm32l4xx_hal_pcd_ex.o
 .comment       0x0000000000000043       0x44 ./Drivers/STM32L4xx_HAL_Driver/Src/stm32l4xx_hal_pwr.o
 .comment       0x0000000000000043       0x44 ./Drivers/STM32L4xx_HAL_Driver/Src/stm32l4xx_hal_pwr_ex.o
 .comment       0x0000000000000043       0x44 ./Drivers/STM32L4xx_HAL_Driver/Src/stm32l4xx_hal_rcc.o
 .comment       0x0000000000000043       0x44 ./Drivers/STM32L4xx_HAL_Driver/Src/stm32l4xx_hal_rcc_ex.o
 .comment       0x0000000000000043       0x44 ./Drivers/STM32L4xx_HAL_Driver/Src/stm32l4xx_hal_uart.o
 .comment       0x0000000000000043       0x44 ./Drivers/STM32L4xx_HAL_Driver/Src/stm32l4xx_ll_usb.o
 .comment       0x0000000000000043       0x44 ./Middlewares/ST/STM32_USB_Device_Library/Class/CustomHID/Src/usbd_customhid.o
 .comment       0x0000000000000043       0x44 ./Middlewares/ST/STM32_USB_Device_Library/Core/Src/usbd_core.o
 .comment       0x0000000000000043       0x44 ./Middlewares/ST/STM32_USB_Device_Library/Core/Src/usbd_ctlreq.o
 .comment       0x0000000000000043       0x44 ./Middlewares/ST/STM32_USB_Device_Library/Core/Src/usbd_ioreq.o
 .comment       0x0000000000000043       0x44 ./USB_DEVICE/App/usb_device.o
 .comment       0x0000000000000043       0x44 ./USB_DEVICE/App/usbd_custom_hid_if.o
 .comment       0x0000000000000043       0x44 ./USB_DEVICE/App/usbd_desc.o
 .comment       0x0000000000000043       0x44 ./USB_DEVICE/Target/usbd_conf.o

.debug_info     0x0000000000000000    0x14a8b
 .debug_info    0x0000000000000000      0x473 ./Core/Src/gpio.o
 .debug_info    0x0000000000000473      0xa8b ./Core/Src/main.o
 .debug_info    0x0000000000000efe      0x2b9 ./Core/Src/stm32l4xx_hal_msp.o
 .debug_info    0x00000000000011b7      0x69d ./Core/Src/stm32l4xx_it.o
 .debug_info    0x0000000000001854      0x5b1 ./Core/Src/system_stm32l4xx.o
 .debug_info    0x0000000000001e05      0xd1b ./Core/Src/usart.o
 .debug_info    0x0000000000002b20       0x23 ./Core/Startup/startup_stm32l476rgtx.o
 .debug_info    0x0000000000002b43      0xc09 ./Drivers/STM32L4xx_HAL_Driver/Src/stm32l4xx_hal.o
 .debug_info    0x000000000000374c      0xd4c ./Drivers/STM32L4xx_HAL_Driver/Src/stm32l4xx_hal_cortex.o
 .debug_info    0x0000000000004498      0x757 ./Drivers/STM32L4xx_HAL_Driver/Src/stm32l4xx_hal_gpio.o
 .debug_info    0x0000000000004bef     0x14c8 ./Drivers/STM32L4xx_HAL_Driver/Src/stm32l4xx_hal_pcd.o
 .debug_info    0x00000000000060b7      0x89e ./Drivers/STM32L4xx_HAL_Driver/Src/stm32l4xx_hal_pcd_ex.o
 .debug_info    0x0000000000006955      0x91e ./Drivers/STM32L4xx_HAL_Driver/Src/stm32l4xx_hal_pwr.o
 .debug_info    0x0000000000007273      0x99e ./Drivers/STM32L4xx_HAL_Driver/Src/stm32l4xx_hal_pwr_ex.o
 .debug_info    0x0000000000007c11      0xc14 ./Drivers/STM32L4xx_HAL_Driver/Src/stm32l4xx_hal_rcc.o
 .debug_info    0x0000000000008825      0xe11 ./Drivers/STM32L4xx_HAL_Driver/Src/stm32l4xx_hal_rcc_ex.o
 .debug_info    0x0000000000009636     0x3b69 ./Drivers/STM32L4xx_HAL_Driver/Src/stm32l4xx_hal_uart.o
 .debug_info    0x000000000000d19f     0x1971 ./Drivers/STM32L4xx_HAL_Driver/Src/stm32l4xx_ll_usb.o
 .debug_info    0x000000000000eb10      0xc60 ./Middlewares/ST/STM32_USB_Device_Library/Class/CustomHID/Src/usbd_customhid.o
 .debug_info    0x000000000000f770      0xe12 ./Middlewares/ST/STM32_USB_Device_Library/Core/Src/usbd_core.o
 .debug_info    0x0000000000010582      0xaeb ./Middlewares/ST/STM32_USB_Device_Library/Core/Src/usbd_ctlreq.o
 .debug_info    0x000000000001106d      0x762 ./Middlewares/ST/STM32_USB_Device_Library/Core/Src/usbd_ioreq.o
 .debug_info    0x00000000000117cf      0x6d9 ./USB_DEVICE/App/usb_device.o
 .debug_info    0x0000000000011ea8      0x6c3 ./USB_DEVICE/App/usbd_custom_hid_if.o
 .debug_info    0x000000000001256b      0x4ba ./USB_DEVICE/App/usbd_desc.o
 .debug_info    0x0000000000012a25     0x2066 ./USB_DEVICE/Target/usbd_conf.o

.debug_abbrev   0x0000000000000000     0x363b
 .debug_abbrev  0x0000000000000000      0x152 ./Core/Src/gpio.o
 .debug_abbrev  0x0000000000000152      0x267 ./Core/Src/main.o
 .debug_abbrev  0x00000000000003b9       0xc6 ./Core/Src/stm32l4xx_hal_msp.o
 .debug_abbrev  0x000000000000047f      0x1a4 ./Core/Src/stm32l4xx_it.o
 .debug_abbrev  0x0000000000000623      0x11a ./Core/Src/system_stm32l4xx.o
 .debug_abbrev  0x000000000000073d      0x1f5 ./Core/Src/usart.o
 .debug_abbrev  0x0000000000000932       0x12 ./Core/Startup/startup_stm32l476rgtx.o
 .debug_abbrev  0x0000000000000944      0x243 ./Drivers/STM32L4xx_HAL_Driver/Src/stm32l4xx_hal.o
 .debug_abbrev  0x0000000000000b87      0x327 ./Drivers/STM32L4xx_HAL_Driver/Src/stm32l4xx_hal_cortex.o
 .debug_abbrev  0x0000000000000eae      0x1cb ./Drivers/STM32L4xx_HAL_Driver/Src/stm32l4xx_hal_gpio.o
 .debug_abbrev  0x0000000000001079      0x2cf ./Drivers/STM32L4xx_HAL_Driver/Src/stm32l4xx_hal_pcd.o
 .debug_abbrev  0x0000000000001348      0x256 ./Drivers/STM32L4xx_HAL_Driver/Src/stm32l4xx_hal_pcd_ex.o
 .debug_abbrev  0x000000000000159e      0x1d4 ./Drivers/STM32L4xx_HAL_Driver/Src/stm32l4xx_hal_pwr.o
 .debug_abbrev  0x0000000000001772      0x1f9 ./Drivers/STM32L4xx_HAL_Driver/Src/stm32l4xx_hal_pwr_ex.o
 .debug_abbrev  0x000000000000196b      0x2cb ./Drivers/STM32L4xx_HAL_Driver/Src/stm32l4xx_hal_rcc.o
 .debug_abbrev  0x0000000000001c36      0x2a6 ./Drivers/STM32L4xx_HAL_Driver/Src/stm32l4xx_hal_rcc_ex.o
 .debug_abbrev  0x0000000000001edc      0x2d0 ./Drivers/STM32L4xx_HAL_Driver/Src/stm32l4xx_hal_uart.o
 .debug_abbrev  0x00000000000021ac      0x2b3 ./Drivers/STM32L4xx_HAL_Driver/Src/stm32l4xx_ll_usb.o
 .debug_abbrev  0x000000000000245f      0x2d0 ./Middlewares/ST/STM32_USB_Device_Library/Class/CustomHID/Src/usbd_customhid.o
 .debug_abbrev  0x000000000000272f      0x27c ./Middlewares/ST/STM32_USB_Device_Library/Core/Src/usbd_core.o
 .debug_abbrev  0x00000000000029ab      0x26f ./Middlewares/ST/STM32_USB_Device_Library/Core/Src/usbd_ctlreq.o
 .debug_abbrev  0x0000000000002c1a      0x19a ./Middlewares/ST/STM32_USB_Device_Library/Core/Src/usbd_ioreq.o
 .debug_abbrev  0x0000000000002db4      0x190 ./USB_DEVICE/App/usb_device.o
 .debug_abbrev  0x0000000000002f44      0x1c0 ./USB_DEVICE/App/usbd_custom_hid_if.o
 .debug_abbrev  0x0000000000003104      0x1e3 ./USB_DEVICE/App/usbd_desc.o
 .debug_abbrev  0x00000000000032e7      0x354 ./USB_DEVICE/Target/usbd_conf.o

.debug_aranges  0x0000000000000000     0x10a8
 .debug_aranges
                0x0000000000000000       0x20 ./Core/Src/gpio.o
 .debug_aranges
                0x0000000000000020       0x30 ./Core/Src/main.o
 .debug_aranges
                0x0000000000000050       0x20 ./Core/Src/stm32l4xx_hal_msp.o
 .debug_aranges
                0x0000000000000070       0x68 ./Core/Src/stm32l4xx_it.o
 .debug_aranges
                0x00000000000000d8       0x28 ./Core/Src/system_stm32l4xx.o
 .debug_aranges
                0x0000000000000100       0x30 ./Core/Src/usart.o
 .debug_aranges
                0x0000000000000130       0x28 ./Core/Startup/startup_stm32l476rgtx.o
 .debug_aranges
                0x0000000000000158      0x130 ./Drivers/STM32L4xx_HAL_Driver/Src/stm32l4xx_hal.o
 .debug_aranges
                0x0000000000000288      0x118 ./Drivers/STM32L4xx_HAL_Driver/Src/stm32l4xx_hal_cortex.o
 .debug_aranges
                0x00000000000003a0       0x58 ./Drivers/STM32L4xx_HAL_Driver/Src/stm32l4xx_hal_gpio.o
 .debug_aranges
                0x00000000000003f8      0x138 ./Drivers/STM32L4xx_HAL_Driver/Src/stm32l4xx_hal_pcd.o
 .debug_aranges
                0x0000000000000530       0x60 ./Drivers/STM32L4xx_HAL_Driver/Src/stm32l4xx_hal_pcd_ex.o
 .debug_aranges
                0x0000000000000590       0x98 ./Drivers/STM32L4xx_HAL_Driver/Src/stm32l4xx_hal_pwr.o
 .debug_aranges
                0x0000000000000628      0x160 ./Drivers/STM32L4xx_HAL_Driver/Src/stm32l4xx_hal_pwr_ex.o
 .debug_aranges
                0x0000000000000788       0x90 ./Drivers/STM32L4xx_HAL_Driver/Src/stm32l4xx_hal_rcc.o
 .debug_aranges
                0x0000000000000818       0xc0 ./Drivers/STM32L4xx_HAL_Driver/Src/stm32l4xx_hal_rcc_ex.o
 .debug_aranges
                0x00000000000008d8      0x228 ./Drivers/STM32L4xx_HAL_Driver/Src/stm32l4xx_hal_uart.o
 .debug_aranges
                0x0000000000000b00      0x1a0 ./Drivers/STM32L4xx_HAL_Driver/Src/stm32l4xx_ll_usb.o
 .debug_aranges
                0x0000000000000ca0       0x80 ./Middlewares/ST/STM32_USB_Device_Library/Class/CustomHID/Src/usbd_customhid.o
 .debug_aranges
                0x0000000000000d20       0xd8 ./Middlewares/ST/STM32_USB_Device_Library/Core/Src/usbd_core.o
 .debug_aranges
                0x0000000000000df8       0x90 ./Middlewares/ST/STM32_USB_Device_Library/Core/Src/usbd_ctlreq.o
 .debug_aranges
                0x0000000000000e88       0x50 ./Middlewares/ST/STM32_USB_Device_Library/Core/Src/usbd_ioreq.o
 .debug_aranges
                0x0000000000000ed8       0x20 ./USB_DEVICE/App/usb_device.o
 .debug_aranges
                0x0000000000000ef8       0x30 ./USB_DEVICE/App/usbd_custom_hid_if.o
 .debug_aranges
                0x0000000000000f28       0x68 ./USB_DEVICE/App/usbd_desc.o
 .debug_aranges
                0x0000000000000f90      0x118 ./USB_DEVICE/Target/usbd_conf.o

.debug_rnglists
                0x0000000000000000      0xc8a
 .debug_rnglists
                0x0000000000000000       0x14 ./Core/Src/gpio.o
 .debug_rnglists
                0x0000000000000014       0x20 ./Core/Src/main.o
 .debug_rnglists
                0x0000000000000034       0x13 ./Core/Src/stm32l4xx_hal_msp.o
 .debug_rnglists
                0x0000000000000047       0x49 ./Core/Src/stm32l4xx_it.o
 .debug_rnglists
                0x0000000000000090       0x1a ./Core/Src/system_stm32l4xx.o
 .debug_rnglists
                0x00000000000000aa       0x20 ./Core/Src/usart.o
 .debug_rnglists
                0x00000000000000ca       0x19 ./Core/Startup/startup_stm32l476rgtx.o
 .debug_rnglists
                0x00000000000000e3       0xdf ./Drivers/STM32L4xx_HAL_Driver/Src/stm32l4xx_hal.o
 .debug_rnglists
                0x00000000000001c2       0xce ./Drivers/STM32L4xx_HAL_Driver/Src/stm32l4xx_hal_cortex.o
 .debug_rnglists
                0x0000000000000290       0x3f ./Drivers/STM32L4xx_HAL_Driver/Src/stm32l4xx_hal_gpio.o
 .debug_rnglists
                0x00000000000002cf       0xed ./Drivers/STM32L4xx_HAL_Driver/Src/stm32l4xx_hal_pcd.o
 .debug_rnglists
                0x00000000000003bc       0x45 ./Drivers/STM32L4xx_HAL_Driver/Src/stm32l4xx_hal_pcd_ex.o
 .debug_rnglists
                0x0000000000000401       0x6e ./Drivers/STM32L4xx_HAL_Driver/Src/stm32l4xx_hal_pwr.o
 .debug_rnglists
                0x000000000000046f      0x109 ./Drivers/STM32L4xx_HAL_Driver/Src/stm32l4xx_hal_pwr_ex.o
 .debug_rnglists
                0x0000000000000578       0x6d ./Drivers/STM32L4xx_HAL_Driver/Src/stm32l4xx_hal_rcc.o
 .debug_rnglists
                0x00000000000005e5       0x95 ./Drivers/STM32L4xx_HAL_Driver/Src/stm32l4xx_hal_rcc_ex.o
 .debug_rnglists
                0x000000000000067a      0x1db ./Drivers/STM32L4xx_HAL_Driver/Src/stm32l4xx_hal_uart.o
 .debug_rnglists
                0x0000000000000855      0x146 ./Drivers/STM32L4xx_HAL_Driver/Src/stm32l4xx_ll_usb.o
 .debug_rnglists
                0x000000000000099b       0x5e ./Middlewares/ST/STM32_USB_Device_Library/Class/CustomHID/Src/usbd_customhid.o
 .debug_rnglists
                0x00000000000009f9       0xa1 ./Middlewares/ST/STM32_USB_Device_Library/Core/Src/usbd_core.o
 .debug_rnglists
                0x0000000000000a9a       0x6e ./Middlewares/ST/STM32_USB_Device_Library/Core/Src/usbd_ctlreq.o
 .debug_rnglists
                0x0000000000000b08       0x37 ./Middlewares/ST/STM32_USB_Device_Library/Core/Src/usbd_ioreq.o
 .debug_rnglists
                0x0000000000000b3f       0x13 ./USB_DEVICE/App/usb_device.o
 .debug_rnglists
                0x0000000000000b52       0x1f ./USB_DEVICE/App/usbd_custom_hid_if.o
 .debug_rnglists
                0x0000000000000b71       0x49 ./USB_DEVICE/App/usbd_desc.o
 .debug_rnglists
                0x0000000000000bba       0xd0 ./USB_DEVICE/Target/usbd_conf.o

.debug_macro    0x0000000000000000    0x28a33
 .debug_macro   0x0000000000000000      0x1e9 ./Core/Src/gpio.o
 .debug_macro   0x00000000000001e9      0xaa8 ./Core/Src/gpio.o
 .debug_macro   0x0000000000000c91      0x1a7 ./Core/Src/gpio.o
 .debug_macro   0x0000000000000e38       0x2e ./Core/Src/gpio.o
 .debug_macro   0x0000000000000e66       0x28 ./Core/Src/gpio.o
 .debug_macro   0x0000000000000e8e       0x22 ./Core/Src/gpio.o
 .debug_macro   0x0000000000000eb0       0x8e ./Core/Src/gpio.o
 .debug_macro   0x0000000000000f3e       0x51 ./Core/Src/gpio.o
 .debug_macro   0x0000000000000f8f      0x103 ./Core/Src/gpio.o
 .debug_macro   0x0000000000001092       0x6a ./Core/Src/gpio.o
 .debug_macro   0x00000000000010fc      0x1df ./Core/Src/gpio.o
 .debug_macro   0x00000000000012db       0x1c ./Core/Src/gpio.o
 .debug_macro   0x00000000000012f7       0x22 ./Core/Src/gpio.o
 .debug_macro   0x0000000000001319       0xfb ./Core/Src/gpio.o
 .debug_macro   0x0000000000001414     0x1011 ./Core/Src/gpio.o
 .debug_macro   0x0000000000002425      0x11f ./Core/Src/gpio.o
 .debug_macro   0x0000000000002544    0x1a17a ./Core/Src/gpio.o
 .debug_macro   0x000000000001c6be       0x6d ./Core/Src/gpio.o
 .debug_macro   0x000000000001c72b     0x38e6 ./Core/Src/gpio.o
 .debug_macro   0x0000000000020011      0x174 ./Core/Src/gpio.o
 .debug_macro   0x0000000000020185       0x5c ./Core/Src/gpio.o
 .debug_macro   0x00000000000201e1     0x159e ./Core/Src/gpio.o
 .debug_macro   0x000000000002177f      0x5a5 ./Core/Src/gpio.o
 .debug_macro   0x0000000000021d24      0x1b9 ./Core/Src/gpio.o
 .debug_macro   0x0000000000021edd      0x18b ./Core/Src/gpio.o
 .debug_macro   0x0000000000022068      0x26b ./Core/Src/gpio.o
 .debug_macro   0x00000000000222d3      0x23d ./Core/Src/gpio.o
 .debug_macro   0x0000000000022510      0x241 ./Core/Src/gpio.o
 .debug_macro   0x0000000000022751      0x37c ./Core/Src/gpio.o
 .debug_macro   0x0000000000022acd       0xd6 ./Core/Src/gpio.o
 .debug_macro   0x0000000000022ba3      0x209 ./Core/Src/gpio.o
 .debug_macro   0x0000000000022dac       0x97 ./Core/Src/gpio.o
 .debug_macro   0x0000000000022e43      0x122 ./Core/Src/gpio.o
 .debug_macro   0x0000000000022f65      0x3ef ./Core/Src/gpio.o
 .debug_macro   0x0000000000023354      0x5cf ./Core/Src/gpio.o
 .debug_macro   0x0000000000023923       0x44 ./Core/Src/gpio.o
 .debug_macro   0x0000000000023967      0x330 ./Core/Src/gpio.o
 .debug_macro   0x0000000000023c97       0x64 ./Core/Src/gpio.o
 .debug_macro   0x0000000000023cfb      0x396 ./Core/Src/main.o
 .debug_macro   0x0000000000024091       0x61 ./Core/Src/main.o
 .debug_macro   0x00000000000240f2       0x2a ./Core/Src/main.o
 .debug_macro   0x000000000002411c       0x43 ./Core/Src/main.o
 .debug_macro   0x000000000002415f       0x34 ./Core/Src/main.o
 .debug_macro   0x0000000000024193       0x16 ./Core/Src/main.o
 .debug_macro   0x00000000000241a9       0x35 ./Core/Src/main.o
 .debug_macro   0x00000000000241de      0x369 ./Core/Src/main.o
 .debug_macro   0x0000000000024547       0x10 ./Core/Src/main.o
 .debug_macro   0x0000000000024557       0x16 ./Core/Src/main.o
 .debug_macro   0x000000000002456d       0x43 ./Core/Src/main.o
 .debug_macro   0x00000000000245b0       0x34 ./Core/Src/main.o
 .debug_macro   0x00000000000245e4       0x10 ./Core/Src/main.o
 .debug_macro   0x00000000000245f4       0x58 ./Core/Src/main.o
 .debug_macro   0x000000000002464c       0x8e ./Core/Src/main.o
 .debug_macro   0x00000000000246da       0x1c ./Core/Src/main.o
 .debug_macro   0x00000000000246f6      0x177 ./Core/Src/main.o
 .debug_macro   0x000000000002486d       0x16 ./Core/Src/main.o
 .debug_macro   0x0000000000024883       0x16 ./Core/Src/main.o
 .debug_macro   0x0000000000024899      0x147 ./Core/Src/main.o
 .debug_macro   0x00000000000249e0       0x16 ./Core/Src/main.o
 .debug_macro   0x00000000000249f6       0x16 ./Core/Src/main.o
 .debug_macro   0x0000000000024a0c       0x29 ./Core/Src/main.o
 .debug_macro   0x0000000000024a35       0x16 ./Core/Src/main.o
 .debug_macro   0x0000000000024a4b       0x20 ./Core/Src/main.o
 .debug_macro   0x0000000000024a6b       0x72 ./Core/Src/main.o
 .debug_macro   0x0000000000024add      0x20f ./Core/Src/main.o
 .debug_macro   0x0000000000024cec       0x65 ./Core/Src/main.o
 .debug_macro   0x0000000000024d51      0x1df ./Core/Src/stm32l4xx_hal_msp.o
 .debug_macro   0x0000000000024f30      0x1e9 ./Core/Src/stm32l4xx_it.o
 .debug_macro   0x0000000000025119      0x1d0 ./Core/Src/system_stm32l4xx.o
 .debug_macro   0x00000000000252e9      0x1e9 ./Core/Src/usart.o
 .debug_macro   0x00000000000254d2      0x21e ./Drivers/STM32L4xx_HAL_Driver/Src/stm32l4xx_hal.o
 .debug_macro   0x00000000000256f0      0x1d0 ./Drivers/STM32L4xx_HAL_Driver/Src/stm32l4xx_hal_cortex.o
 .debug_macro   0x00000000000258c0      0x1d7 ./Drivers/STM32L4xx_HAL_Driver/Src/stm32l4xx_hal_gpio.o
 .debug_macro   0x0000000000025a97      0x1dc ./Drivers/STM32L4xx_HAL_Driver/Src/stm32l4xx_hal_pcd.o
 .debug_macro   0x0000000000025c73      0x1d0 ./Drivers/STM32L4xx_HAL_Driver/Src/stm32l4xx_hal_pcd_ex.o
 .debug_macro   0x0000000000025e43      0x1e8 ./Drivers/STM32L4xx_HAL_Driver/Src/stm32l4xx_hal_pwr.o
 .debug_macro   0x000000000002602b      0x1f4 ./Drivers/STM32L4xx_HAL_Driver/Src/stm32l4xx_hal_pwr_ex.o
 .debug_macro   0x000000000002621f      0x212 ./Drivers/STM32L4xx_HAL_Driver/Src/stm32l4xx_hal_rcc.o
 .debug_macro   0x0000000000026431      0x206 ./Drivers/STM32L4xx_HAL_Driver/Src/stm32l4xx_hal_rcc_ex.o
 .debug_macro   0x0000000000026637      0x1fb ./Drivers/STM32L4xx_HAL_Driver/Src/stm32l4xx_hal_uart.o
 .debug_macro   0x0000000000026832      0x1d0 ./Drivers/STM32L4xx_HAL_Driver/Src/stm32l4xx_ll_usb.o
 .debug_macro   0x0000000000026a02      0x36e ./Middlewares/ST/STM32_USB_Device_Library/Class/CustomHID/Src/usbd_customhid.o
 .debug_macro   0x0000000000026d70       0x97 ./Middlewares/ST/STM32_USB_Device_Library/Class/CustomHID/Src/usbd_customhid.o
 .debug_macro   0x0000000000026e07       0xfd ./Middlewares/ST/STM32_USB_Device_Library/Class/CustomHID/Src/usbd_customhid.o
 .debug_macro   0x0000000000026f04       0x56 ./Middlewares/ST/STM32_USB_Device_Library/Class/CustomHID/Src/usbd_customhid.o
 .debug_macro   0x0000000000026f5a      0x355 ./Middlewares/ST/STM32_USB_Device_Library/Core/Src/usbd_core.o
 .debug_macro   0x00000000000272af      0x215 ./Middlewares/ST/STM32_USB_Device_Library/Core/Src/usbd_core.o
 .debug_macro   0x00000000000274c4      0x35f ./Middlewares/ST/STM32_USB_Device_Library/Core/Src/usbd_ctlreq.o
 .debug_macro   0x0000000000027823      0x35b ./Middlewares/ST/STM32_USB_Device_Library/Core/Src/usbd_ioreq.o
 .debug_macro   0x0000000000027b7e      0x38f ./USB_DEVICE/App/usb_device.o
 .debug_macro   0x0000000000027f0d       0x6a ./USB_DEVICE/App/usb_device.o
 .debug_macro   0x0000000000027f77       0x22 ./USB_DEVICE/App/usb_device.o
 .debug_macro   0x0000000000027f99      0x374 ./USB_DEVICE/App/usbd_custom_hid_if.o
 .debug_macro   0x000000000002830d      0x398 ./USB_DEVICE/App/usbd_desc.o
 .debug_macro   0x00000000000286a5       0x1c ./USB_DEVICE/App/usbd_desc.o
 .debug_macro   0x00000000000286c1      0x372 ./USB_DEVICE/Target/usbd_conf.o

.debug_line     0x0000000000000000    0x16252
 .debug_line    0x0000000000000000      0x781 ./Core/Src/gpio.o
 .debug_line    0x0000000000000781      0xaaa ./Core/Src/main.o
 .debug_line    0x000000000000122b      0x75e ./Core/Src/stm32l4xx_hal_msp.o
 .debug_line    0x0000000000001989      0x838 ./Core/Src/stm32l4xx_it.o
 .debug_line    0x00000000000021c1      0x7f5 ./Core/Src/system_stm32l4xx.o
 .debug_line    0x00000000000029b6      0x7df ./Core/Src/usart.o
 .debug_line    0x0000000000003195       0x7a ./Core/Startup/startup_stm32l476rgtx.o
 .debug_line    0x000000000000320f      0xb4e ./Drivers/STM32L4xx_HAL_Driver/Src/stm32l4xx_hal.o
 .debug_line    0x0000000000003d5d      0xcf4 ./Drivers/STM32L4xx_HAL_Driver/Src/stm32l4xx_hal_cortex.o
 .debug_line    0x0000000000004a51      0xbc1 ./Drivers/STM32L4xx_HAL_Driver/Src/stm32l4xx_hal_gpio.o
 .debug_line    0x0000000000005612     0x135b ./Drivers/STM32L4xx_HAL_Driver/Src/stm32l4xx_hal_pcd.o
 .debug_line    0x000000000000696d      0x92d ./Drivers/STM32L4xx_HAL_Driver/Src/stm32l4xx_hal_pcd_ex.o
 .debug_line    0x000000000000729a      0x92a ./Drivers/STM32L4xx_HAL_Driver/Src/stm32l4xx_hal_pwr.o
 .debug_line    0x0000000000007bc4      0xd45 ./Drivers/STM32L4xx_HAL_Driver/Src/stm32l4xx_hal_pwr_ex.o
 .debug_line    0x0000000000008909      0xfc4 ./Drivers/STM32L4xx_HAL_Driver/Src/stm32l4xx_hal_rcc.o
 .debug_line    0x00000000000098cd     0x153e ./Drivers/STM32L4xx_HAL_Driver/Src/stm32l4xx_hal_rcc_ex.o
 .debug_line    0x000000000000ae0b     0x322d ./Drivers/STM32L4xx_HAL_Driver/Src/stm32l4xx_hal_uart.o
 .debug_line    0x000000000000e038     0x199b ./Drivers/STM32L4xx_HAL_Driver/Src/stm32l4xx_ll_usb.o
 .debug_line    0x000000000000f9d3      0xddc ./Middlewares/ST/STM32_USB_Device_Library/Class/CustomHID/Src/usbd_customhid.o
 .debug_line    0x00000000000107af      0xf5e ./Middlewares/ST/STM32_USB_Device_Library/Core/Src/usbd_core.o
 .debug_line    0x000000000001170d     0x1166 ./Middlewares/ST/STM32_USB_Device_Library/Core/Src/usbd_ctlreq.o
 .debug_line    0x0000000000012873      0xa75 ./Middlewares/ST/STM32_USB_Device_Library/Core/Src/usbd_ioreq.o
 .debug_line    0x00000000000132e8      0xa44 ./USB_DEVICE/App/usb_device.o
 .debug_line    0x0000000000013d2c      0xa3f ./USB_DEVICE/App/usbd_custom_hid_if.o
 .debug_line    0x000000000001476b      0xb15 ./USB_DEVICE/App/usbd_desc.o
 .debug_line    0x0000000000015280      0xfd2 ./USB_DEVICE/Target/usbd_conf.o

.debug_str      0x0000000000000000    0xeb46d
 .debug_str     0x0000000000000000    0xe1ae7 ./Core/Src/gpio.o
                                      0xe1d9b (size before relaxing)
 .debug_str     0x00000000000e1ae7     0x4b2c ./Core/Src/main.o
                                      0xe68c9 (size before relaxing)
 .debug_str     0x00000000000e6613       0x2c ./Core/Src/stm32l4xx_hal_msp.o
                                      0xe1ccb (size before relaxing)
 .debug_str     0x00000000000e663f      0x4d6 ./Core/Src/stm32l4xx_it.o
                                      0xe2082 (size before relaxing)
 .debug_str     0x00000000000e6b15       0xf2 ./Core/Src/system_stm32l4xx.o
                                      0xe1c38 (size before relaxing)
 .debug_str     0x00000000000e6c07      0x659 ./Core/Src/usart.o
                                      0xe24c5 (size before relaxing)
 .debug_str     0x00000000000e7260       0x34 ./Core/Startup/startup_stm32l476rgtx.o
                                         0x6f (size before relaxing)
 .debug_str     0x00000000000e7294      0xb05 ./Drivers/STM32L4xx_HAL_Driver/Src/stm32l4xx_hal.o
                                      0xe2837 (size before relaxing)
 .debug_str     0x00000000000e7d99      0x344 ./Drivers/STM32L4xx_HAL_Driver/Src/stm32l4xx_hal_cortex.o
                                      0xe247f (size before relaxing)
 .debug_str     0x00000000000e80dd      0x123 ./Drivers/STM32L4xx_HAL_Driver/Src/stm32l4xx_hal_gpio.o
                                      0xe1db1 (size before relaxing)
 .debug_str     0x00000000000e8200      0x80a ./Drivers/STM32L4xx_HAL_Driver/Src/stm32l4xx_hal_pcd.o
                                      0xe26b9 (size before relaxing)
 .debug_str     0x00000000000e8a0a      0x174 ./Drivers/STM32L4xx_HAL_Driver/Src/stm32l4xx_hal_pcd_ex.o
                                      0xe2087 (size before relaxing)
 .debug_str     0x00000000000e8b7e      0x34b ./Drivers/STM32L4xx_HAL_Driver/Src/stm32l4xx_hal_pwr.o
                                      0xe1fa3 (size before relaxing)
 .debug_str     0x00000000000e8ec9      0x3e6 ./Drivers/STM32L4xx_HAL_Driver/Src/stm32l4xx_hal_pwr_ex.o
                                      0xe2193 (size before relaxing)
 .debug_str     0x00000000000e92af      0x331 ./Drivers/STM32L4xx_HAL_Driver/Src/stm32l4xx_hal_rcc.o
                                      0xe227e (size before relaxing)
 .debug_str     0x00000000000e95e0      0x371 ./Drivers/STM32L4xx_HAL_Driver/Src/stm32l4xx_hal_rcc_ex.o
                                      0xe23f7 (size before relaxing)
 .debug_str     0x00000000000e9951      0x904 ./Drivers/STM32L4xx_HAL_Driver/Src/stm32l4xx_hal_uart.o
                                      0xe2990 (size before relaxing)
 .debug_str     0x00000000000ea255      0x46c ./Drivers/STM32L4xx_HAL_Driver/Src/stm32l4xx_ll_usb.o
                                      0xe2591 (size before relaxing)
 .debug_str     0x00000000000ea6c1      0x443 ./Middlewares/ST/STM32_USB_Device_Library/Class/CustomHID/Src/usbd_customhid.o